<*GNU-Linker-generated-mapfile*> 
generated for DSx86_32 platform 
collect2 version 13.3.0
C:/Program Files/Common Files/dSPACE/CFD Compiler 24.1/target/x86_64-linux-gnu/bin/../lib/gcc/x86_64-linux-gnu/13.3.0/../../../../x86_64-linux-gnu/bin/ld.exe -plugin C:/Program Files/Common Files/dSPACE/CFD Compiler 24.1/target/x86_64-linux-gnu/bin/../libexec/gcc/x86_64-linux-gnu/13.3.0/liblto_plugin.dll -plugin-opt=C:/Program Files/Common Files/dSPACE/CFD Compiler 24.1/target/x86_64-linux-gnu/bin/../libexec/gcc/x86_64-linux-gnu/13.3.0/lto-wrapper.exe -plugin-opt=-fresolution=C:\Users\AkihikoM\AppData\Local\Temp\cco0fEuT.res -plugin-opt=-pass-through=-lgcc_s -plugin-opt=-pass-through=-lgcc -plugin-opt=-pass-through=-lc -plugin-opt=-pass-through=-lgcc_s -plugin-opt=-pass-through=-lgcc --sysroot=C:/Program Files/Common Files/dSPACE/CFD Compiler 24.1/target/x86_64-linux-gnu/bin/../../x86_64-linux-gnu --build-id --eh-frame-hdr -m elf_x86_64 -dynamic-linker /lib64/ld-linux-x86-64.so.2 C:/Program Files/Common Files/dSPACE/CFD Compiler 24.1/target/x86_64-linux-gnu/bin/../../x86_64-linux-gnu/lib/crt1.o C:/Program Files/Common Files/dSPACE/CFD Compiler 24.1/target/x86_64-linux-gnu/bin/../../x86_64-linux-gnu/lib/crti.o C:/Program Files/Common Files/dSPACE/CFD Compiler 24.1/target/x86_64-linux-gnu/bin/../lib/gcc/x86_64-linux-gnu/13.3.0/crtbegin.o -LC:/Program Files/Common Files/dSPACE/CFD Compiler 24.1/target/x86_64-linux-gnu/bin/../lib/gcc/x86_64-linux-gnu/13.3.0 -LC:/Program Files/Common Files/dSPACE/CFD Compiler 24.1/target/x86_64-linux-gnu/bin/../lib/gcc -LC:/Program Files/Common Files/dSPACE/CFD Compiler 24.1/target/x86_64-linux-gnu/bin/../../x86_64-linux-gnu/lib/../lib64 -LC:/Program Files/Common Files/dSPACE/CFD Compiler 24.1/target/x86_64-linux-gnu/bin/../lib/gcc/x86_64-linux-gnu/13.3.0/../../../../x86_64-linux-gnu/lib -LC:/Program Files/Common Files/dSPACE/CFD Compiler 24.1/target/x86_64-linux-gnu/bin/../../x86_64-linux-gnu/lib -v --unresolved-symbols=ignore-all -lstdc++ -lm -lgcc_s -lgcc -lc -lgcc_s -lgcc C:/Program Files/Common Files/dSPACE/CFD Compiler 24.1/target/x86_64-linux-gnu/bin/../lib/gcc/x86_64-linux-gnu/13.3.0/crtend.o C:/Program Files/Common Files/dSPACE/CFD Compiler 24.1/target/x86_64-linux-gnu/bin/../../x86_64-linux-gnu/lib/crtn.o
GNU ld (GNU Binutils) 2.41
Archive member included to satisfy reference by file (symbol)

C:\Users\AkihikoM\AppData\Local\Temp\dSPACE\CfgDesk\AppCache\6\Build\ApplicationProcess_1\Compile\DsDefEnv\DsDefEnv.a(DsDefEnv.o64)
                              DsDefEnv_mdlfunctions.o64 (DsDefEnv_fmi2SetDebugLogging)
C:\Users\AkihikoM\AppData\Local\Temp\dSPACE\CfgDesk\AppCache\6\Build\ApplicationProcess_1\Compile\CentralGatewayEcu_12836_1\CentralGatewayEcu_12836_1.a(CanIf_Cfg.o64)
                              BusManager_Bus_Configuration_i1_i12836_1.o64 (BM_BUS_CONFIGURATION_i1_i12836_1_CENTRALGATEWAYECU_CanIf_InitDefaultConfig)
C:\Users\AkihikoM\AppData\Local\Temp\dSPACE\CfgDesk\AppCache\6\Build\ApplicationProcess_1\Compile\CentralGatewayEcu_12836_1\CentralGatewayEcu_12836_1.a(CanIf_Cfg_BusAccess.o64)
                              C:\Users\AkihikoM\AppData\Local\Temp\dSPACE\CfgDesk\AppCache\6\Build\ApplicationProcess_1\Compile\CentralGatewayEcu_12836_1\CentralGatewayEcu_12836_1.a(CanIf_Cfg.o64) (BM_BUS_CONFIGURATION_i1_i12836_1_CENTRALGATEWAYECU_gp_CanIf_ChannelAddress)
C:\Users\AkihikoM\AppData\Local\Temp\dSPACE\CfgDesk\AppCache\6\Build\ApplicationProcess_1\Compile\CentralGatewayEcu_12836_1\CentralGatewayEcu_12836_1.a(Rte_generated.o64)
                              BusManager_Bus_Configuration_i1_i12836_1.o64 (BM_BUS_CONFIGURATION_i1_i12836_1_CENTRALGATEWAYECU_Rte_VariableInitialize)
C:\Users\AkihikoM\AppData\Local\Temp\dSPACE\CfgDesk\AppCache\6\Build\ApplicationProcess_1\Compile\CentralGatewayEcu_12836_1\CentralGatewayEcu_12836_1.a(Com_generated.o64)
                              BusManager_Bus_Configuration_i1_i12836_1.o64 (BM_BUS_CONFIGURATION_i1_i12836_1_CENTRALGATEWAYECU_Com_Init)
C:\Users\AkihikoM\AppData\Local\Temp\dSPACE\CfgDesk\AppCache\6\Build\ApplicationProcess_1\Compile\CentralGatewayEcu_12836_1\CentralGatewayEcu_12836_1.a(Com_Tx_generated.o64)
                              C:\Users\AkihikoM\AppData\Local\Temp\dSPACE\CfgDesk\AppCache\6\Build\ApplicationProcess_1\Compile\CentralGatewayEcu_12836_1\CentralGatewayEcu_12836_1.a(Com_generated.o64) (BM_BUS_CONFIGURATION_i1_i12836_1_CENTRALGATEWAYECU_Com_Tx_Init)
C:\Users\AkihikoM\AppData\Local\Temp\dSPACE\CfgDesk\AppCache\6\Build\ApplicationProcess_1\Compile\CentralGatewayEcu_12836_1\CentralGatewayEcu_12836_1.a(Com_Rx_generated.o64)
                              C:\Users\AkihikoM\AppData\Local\Temp\dSPACE\CfgDesk\AppCache\6\Build\ApplicationProcess_1\Compile\CentralGatewayEcu_12836_1\CentralGatewayEcu_12836_1.a(Com_generated.o64) (BM_BUS_CONFIGURATION_i1_i12836_1_CENTRALGATEWAYECU_Com_Rx_Init)
[...]
Memory Configuration

Name             Origin             Length             Attributes
*default*        0x0000000000000000 0xffffffffffffffff

Linker script and memory map

LOAD C:/Program Files/Common Files/dSPACE/CFD Compiler 24.1/target/x86_64-linux-gnu/bin/../../x86_64-linux-gnu/lib/Scrt1.o
LOAD C:/Program Files/Common Files/dSPACE/CFD Compiler 24.1/target/x86_64-linux-gnu/bin/../../x86_64-linux-gnu/lib/crti.o
LOAD C:/Program Files/Common Files/dSPACE/CFD Compiler 24.1/target/x86_64-linux-gnu/bin/../lib/gcc/x86_64-linux-gnu/13.3.0/crtbeginS.o
                0x00000000000009ce                DS_TARGET_PLATFORM = 0x9ce
START GROUP
LOAD StateManager_generated.o64
LOAD ScalingFunctions.o64
LOAD Hashmap.o64
LOAD mdladapter_mdlfunctions.o64
LOAD mdlCode_ap.o64
LOAD data_in_ap.o64
LOAD data_out_ap.o64
LOAD fm_entry_ap.o64
LOAD fm_exit_ap.o64
LOAD dssimengine_accesspoint.o64
LOAD dssimengine_api.o64
LOAD dssimengine_main.o64
LOAD rtosal_task.o64
LOAD rtosal_taskap.o64
LOAD rtosal_simengineap.o64
LOAD IOCode_Data.o64
LOAD dssimengine_accesspoint_CAN.o64
LOAD DsDefEnv_mdlfunctions.o64
LOAD dsfmu_logger.o64
LOAD dsfmu_callbacks.o64
LOAD dsfmu_readwrite.o64
LOAD BusManager_Bus_Configuration_i1_i12836_1.o64
LOAD BusManager_Bus_Configuration_i2_i12859_1.o64
LOAD Bus_Configuration_i1_i12836.o64
LOAD Bus_Configuration_i1_i12836_tx.o64
LOAD Bus_Configuration_i1_i12836_if.o64
LOAD Bus_Configuration_i1_i12836_CAN.o64
LOAD Bus_Configuration_i2_i12859.o64
LOAD Bus_Configuration_i2_i12859_tx.o64
LOAD Bus_Configuration_i2_i12859_if.o64
LOAD Bus_Configuration_i2_i12859_CAN.o64
LOAD BusRtCode.o64
LOAD C:\Users\AkihikoM\AppData\Local\Temp\dSPACE\CfgDesk\AppCache\6\Build\ApplicationProcess_1\Compile\DsDefEnv\DsDefEnv.a
LOAD C:\Users\AkihikoM\AppData\Local\Temp\dSPACE\CfgDesk\AppCache\6\Build\ApplicationProcess_1\Compile\CentralGatewayEcu_12836_1\CentralGatewayEcu_12836_1.a
LOAD C:\Users\AkihikoM\AppData\Local\Temp\dSPACE\CfgDesk\AppCache\6\Build\ApplicationProcess_1\Compile\BodyControlEcu_12859_1\BodyControlEcu_12859_1.a
LOAD C:\Program Files\dSPACE ConfigurationDesk 2024-A (24.1)\SCALEXIO\lib64/libdscandrv.so
LOAD C:\Program Files\dSPACE ConfigurationDesk 2024-A (24.1)\SCALEXIO\lib64/libdslindrv.so
LOAD C:\Program Files\dSPACE ConfigurationDesk 2024-A (24.1)\SCALEXIO\lib64/libdsethernetinterfacemanagementdrv.so
END GROUP
LOAD C:\Program Files\dSPACE ConfigurationDesk 2024-A (24.1)\SCALEXIO\lib64/libDsRtLib.so
LOAD C:/Program Files/Common Files/dSPACE/CFD Compiler 24.1/target/x86_64-linux-gnu/bin/../../x86_64-linux-gnu/lib/../lib64/libstdc++.so
LOAD C:\Program Files\Common Files\dSPACE\CFD Compiler 24.1\target\x86_64-linux-gnu\lib/libm.so
START GROUP
LOAD C:\Program Files\Common Files\dSPACE\CFD Compiler 24.1\target\x86_64-linux-gnu\lib\libm.so.6
LOAD C:\Program Files\Common Files\dSPACE\CFD Compiler 24.1\target\x86_64-linux-gnu\lib\libmvec.so.1
END GROUP
LOAD C:/Program Files/Common Files/dSPACE/CFD Compiler 24.1/target/x86_64-linux-gnu/bin/../../x86_64-linux-gnu/lib/../lib64/libgcc_s.so
START GROUP
LOAD C:/Program Files/Common Files/dSPACE/CFD Compiler 24.1/target/x86_64-linux-gnu/bin/../../x86_64-linux-gnu/lib/../lib64\libgcc_s.so.1
LOAD C:/Program Files/Common Files/dSPACE/CFD Compiler 24.1/target/x86_64-linux-gnu/bin/../lib/gcc/x86_64-linux-gnu/13.3.0\libgcc.a
END GROUP
LOAD C:/Program Files/Common Files/dSPACE/CFD Compiler 24.1/target/x86_64-linux-gnu/bin/../lib/gcc/x86_64-linux-gnu/13.3.0\libgcc.a
LOAD C:\Program Files\Common Files\dSPACE\CFD Compiler 24.1\target\x86_64-linux-gnu\lib/libc.so
START GROUP
LOAD C:\Program Files\Common Files\dSPACE\CFD Compiler 24.1\target\x86_64-linux-gnu\lib\libc.so.6
LOAD C:\Program Files\Common Files\dSPACE\CFD Compiler 24.1\target\x86_64-linux-gnu\lib\libc_nonshared.a
LOAD C:\Program Files\Common Files\dSPACE\CFD Compiler 24.1\target\x86_64-linux-gnu\lib\ld-linux-x86-64.so.2
END GROUP
LOAD C:/Program Files/Common Files/dSPACE/CFD Compiler 24.1/target/x86_64-linux-gnu/bin/../../x86_64-linux-gnu/lib/../lib64/libgcc_s.so
START GROUP
LOAD C:/Program Files/Common Files/dSPACE/CFD Compiler 24.1/target/x86_64-linux-gnu/bin/../../x86_64-linux-gnu/lib/../lib64\libgcc_s.so.1
LOAD C:/Program Files/Common Files/dSPACE/CFD Compiler 24.1/target/x86_64-linux-gnu/bin/../lib/gcc/x86_64-linux-gnu/13.3.0\libgcc.a
END GROUP
LOAD C:/Program Files/Common Files/dSPACE/CFD Compiler 24.1/target/x86_64-linux-gnu/bin/../lib/gcc/x86_64-linux-gnu/13.3.0\libgcc.a
LOAD C:/Program Files/Common Files/dSPACE/CFD Compiler 24.1/target/x86_64-linux-gnu/bin/../lib/gcc/x86_64-linux-gnu/13.3.0/crtendS.o
LOAD C:/Program Files/Common Files/dSPACE/CFD Compiler 24.1/target/x86_64-linux-gnu/bin/../../x86_64-linux-gnu/lib/crtn.o
                [!provide]                        PROVIDE (__executable_start = SEGMENT_START ("text-segment", 0x0))
                0x0000000000000318                . = (SEGMENT_START ("text-segment", 0x0) + SIZEOF_HEADERS)

.interp         0x0000000000000318       0x1c
 *(.interp)
 .interp        0x0000000000000318       0x1c C:/Program Files/Common Files/dSPACE/CFD Compiler 24.1/target/x86_64-linux-gnu/bin/../../x86_64-linux-gnu/lib/Scrt1.o

.note.gnu.property
                0x0000000000000338       0x20
 .note.gnu.property
                0x0000000000000338       0x20 C:/Program Files/Common Files/dSPACE/CFD Compiler 24.1/target/x86_64-linux-gnu/bin/../../x86_64-linux-gnu/lib/Scrt1.o

.note.gnu.build-id
                0x0000000000000358       0x24
 *(.note.gnu.build-id)
 .note.gnu.build-id
                0x0000000000000358       0x24 C:/Program Files/Common Files/dSPACE/CFD Compiler 24.1/target/x86_64-linux-gnu/bin/../../x86_64-linux-gnu/lib/Scrt1.o

.note.ABI-tag   0x000000000000037c       0x20
 .note.ABI-tag  0x000000000000037c       0x20 C:/Program Files/Common Files/dSPACE/CFD Compiler 24.1/target/x86_64-linux-gnu/bin/../../x86_64-linux-gnu/lib/Scrt1.o

.hash           0x00000000000003a0      0x33c
 *(.hash)
 .hash          0x00000000000003a0      0x33c C:/Program Files/Common Files/dSPACE/CFD Compiler 24.1/target/x86_64-linux-gnu/bin/../../x86_64-linux-gnu/lib/Scrt1.o

.gnu.hash       0x00000000000006e0       0x24
 *(.gnu.hash)
 .gnu.hash      0x00000000000006e0       0x24 C:/Program Files/Common Files/dSPACE/CFD Compiler 24.1/target/x86_64-linux-gnu/bin/../../x86_64-linux-gnu/lib/Scrt1.o

.dynsym         0x0000000000000708      0xa20
 *(.dynsym)
 .dynsym        0x0000000000000708      0xa20 C:/Program Files/Common Files/dSPACE/CFD Compiler 24.1/target/x86_64-linux-gnu/bin/../../x86_64-linux-gnu/lib/Scrt1.o

.dynstr         0x0000000000001128      0xd0d
 *(.dynstr)
 .dynstr        0x0000000000001128      0xd0d C:/Program Files/Common Files/dSPACE/CFD Compiler 24.1/target/x86_64-linux-gnu/bin/../../x86_64-linux-gnu/lib/Scrt1.o

.gnu.version    0x0000000000001e36       0xd8
 *(.gnu.version)
 .gnu.version   0x0000000000001e36       0xd8 C:/Program Files/Common Files/dSPACE/CFD Compiler 24.1/target/x86_64-linux-gnu/bin/../../x86_64-linux-gnu/lib/Scrt1.o

.gnu.version_d  0x0000000000001f10        0x0
 *(.gnu.version_d)
 .gnu.version_d
                0x0000000000001f10        0x0 C:/Program Files/Common Files/dSPACE/CFD Compiler 24.1/target/x86_64-linux-gnu/bin/../../x86_64-linux-gnu/lib/Scrt1.o

.gnu.version_r  0x0000000000001f10       0x90
 *(.gnu.version_r)
 .gnu.version_r
                0x0000000000001f10       0x90 C:/Program Files/Common Files/dSPACE/CFD Compiler 24.1/target/x86_64-linux-gnu/bin/../../x86_64-linux-gnu/lib/Scrt1.o

.rela.dyn       0x0000000000001fa0     0x15d8
 *(.rela.init)
 *(.rela.text .rela.text.* .rela.gnu.linkonce.t.*)
 *(.rela.fini)
 *(.rela.rodata .rela.rodata.* .rela.gnu.linkonce.r.*)
 *(.rela.data .rela.data.* .rela.gnu.linkonce.d.*)
 .rela.data.rel.ro
                0x0000000000001fa0       0x18 C:/Program Files/Common Files/dSPACE/CFD Compiler 24.1/target/x86_64-linux-gnu/bin/../../x86_64-linux-gnu/lib/Scrt1.o
 .rela.data.rel.local
                0x0000000000001fb8      0x3d8 C:/Program Files/Common Files/dSPACE/CFD Compiler 24.1/target/x86_64-linux-gnu/bin/../../x86_64-linux-gnu/lib/Scrt1.o
 .rela.data.rel.ro._ZTI18DsCApplicationMain
                0x0000000000002390       0x48 C:/Program Files/Common Files/dSPACE/CFD Compiler 24.1/target/x86_64-linux-gnu/bin/../../x86_64-linux-gnu/lib/Scrt1.o
 .rela.data.rel.ro._ZTV18DsCApplicationMain
                0x00000000000023d8       0xd8 C:/Program Files/Common Files/dSPACE/CFD Compiler 24.1/target/x86_64-linux-gnu/bin/../../x86_64-linux-gnu/lib/Scrt1.o
 .rela.data.rel
                0x00000000000024b0      0x270 C:/Program Files/Common Files/dSPACE/CFD Compiler 24.1/target/x86_64-linux-gnu/bin/../../x86_64-linux-gnu/lib/Scrt1.o
 .rela.data.rel.local.DW.ref.__gxx_personality_v0
                0x0000000000002720       0x18 C:/Program Files/Common Files/dSPACE/CFD Compiler 24.1/target/x86_64-linux-gnu/bin/../../x86_64-linux-gnu/lib/Scrt1.o
 .rela.data.rel.ro._ZTI24DsCRtosAlPeriodic_Task_1
                0x0000000000002738       0x48 C:/Program Files/Common Files/dSPACE/CFD Compiler 24.1/target/x86_64-linux-gnu/bin/../../x86_64-linux-gnu/lib/Scrt1.o
 .rela.data.rel.ro._ZTI50DsCRtosAlBus_Configuration_iBus_Configuration_i1_i
                0x0000000000002780       0x48 C:/Program Files/Common Files/dSPACE/CFD Compiler 24.1/target/x86_64-linux-gnu/bin/../../x86_64-linux-gnu/lib/Scrt1.o
 .rela.data.rel.ro._ZTI34DsCRtosAlCAN_RX_Task_i1_i_CAN_i1_i
                0x00000000000027c8       0x48 C:/Program Files/Common Files/dSPACE/CFD Compiler 24.1/target/x86_64-linux-gnu/bin/../../x86_64-linux-gnu/lib/Scrt1.o
 .rela.data.rel.ro._ZTI50DsCRtosAlBus_Configuration_iBus_Configuration_i2_i
                0x0000000000002810       0x48 C:/Program Files/Common Files/dSPACE/CFD Compiler 24.1/target/x86_64-linux-gnu/bin/../../x86_64-linux-gnu/lib/Scrt1.o
 .rela.data.rel.ro._ZTI34DsCRtosAlCAN_RX_Task_i2_i_CAN_i2_i
                0x0000000000002858       0x48 C:/Program Files/Common Files/dSPACE/CFD Compiler 24.1/target/x86_64-linux-gnu/bin/../../x86_64-linux-gnu/lib/Scrt1.o
 .rela.data.rel.ro._ZTV24DsCRtosAlPeriodic_Task_1
                0x00000000000028a0       0x78 C:/Program Files/Common Files/dSPACE/CFD Compiler 24.1/target/x86_64-linux-gnu/bin/../../x86_64-linux-gnu/lib/Scrt1.o
 .rela.data.rel.ro._ZTV50DsCRtosAlBus_Configuration_iBus_Configuration_i1_i
                0x0000000000002918       0x78 C:/Program Files/Common Files/dSPACE/CFD Compiler 24.1/target/x86_64-linux-gnu/bin/../../x86_64-linux-gnu/lib/Scrt1.o
 .rela.data.rel.ro._ZTV34DsCRtosAlCAN_RX_Task_i1_i_CAN_i1_i
                0x0000000000002990       0x78 C:/Program Files/Common Files/dSPACE/CFD Compiler 24.1/target/x86_64-linux-gnu/bin/../../x86_64-linux-gnu/lib/Scrt1.o
 .rela.data.rel.ro._ZTV50DsCRtosAlBus_Configuration_iBus_Configuration_i2_i
                0x0000000000002a08       0x78 C:/Program Files/Common Files/dSPACE/CFD Compiler 24.1/target/x86_64-linux-gnu/bin/../../x86_64-linux-gnu/lib/Scrt1.o
 .rela.data.rel.ro._ZTV34DsCRtosAlCAN_RX_Task_i2_i_CAN_i2_i
                0x0000000000002a80       0x78 C:/Program Files/Common Files/dSPACE/CFD Compiler 24.1/target/x86_64-linux-gnu/bin/../../x86_64-linux-gnu/lib/Scrt1.o
 .rela.data.rel.ro.local
                0x0000000000002af8       0x18 C:/Program Files/Common Files/dSPACE/CFD Compiler 24.1/target/x86_64-linux-gnu/bin/../../x86_64-linux-gnu/lib/Scrt1.o
 *(.rela.tdata .rela.tdata.* .rela.gnu.linkonce.td.*)
 *(.rela.tbss .rela.tbss.* .rela.gnu.linkonce.tb.*)
 *(.rela.ctors)
 *(.rela.dtors)
 *(.rela.got)
 .rela.got      0x0000000000002b10      0x9d8 C:/Program Files/Common Files/dSPACE/CFD Compiler 24.1/target/x86_64-linux-gnu/bin/../../x86_64-linux-gnu/lib/Scrt1.o
 *(.rela.bss .rela.bss.* .rela.gnu.linkonce.b.*)
 .rela.bss      0x00000000000034e8        0x0 C:/Program Files/Common Files/dSPACE/CFD Compiler 24.1/target/x86_64-linux-gnu/bin/../../x86_64-linux-gnu/lib/Scrt1.o
 *(.rela.ldata .rela.ldata.* .rela.gnu.linkonce.l.*)
 *(.rela.lbss .rela.lbss.* .rela.gnu.linkonce.lb.*)
 *(.rela.lrodata .rela.lrodata.* .rela.gnu.linkonce.lr.*)
 *(.rela.ifunc)
 .rela.ifunc    0x00000000000034e8        0x0 C:/Program Files/Common Files/dSPACE/CFD Compiler 24.1/target/x86_64-linux-gnu/bin/../../x86_64-linux-gnu/lib/Scrt1.o
 .rela.fini_array
                0x00000000000034e8       0x18 C:/Program Files/Common Files/dSPACE/CFD Compiler 24.1/target/x86_64-linux-gnu/bin/../../x86_64-linux-gnu/lib/Scrt1.o
 .rela.init_array
                0x0000000000003500       0x78 C:/Program Files/Common Files/dSPACE/CFD Compiler 24.1/target/x86_64-linux-gnu/bin/../../x86_64-linux-gnu/lib/Scrt1.o
 .rela.eh_frame
                0x0000000000003578        0x0 C:/Program Files/Common Files/dSPACE/CFD Compiler 24.1/target/x86_64-linux-gnu/bin/../../x86_64-linux-gnu/lib/Scrt1.o

.rela.plt       0x0000000000003578        0x0
 *(.rela.plt)
 .rela.plt      0x0000000000003578        0x0 C:/Program Files/Common Files/dSPACE/CFD Compiler 24.1/target/x86_64-linux-gnu/bin/../../x86_64-linux-gnu/lib/Scrt1.o
 *(.rela.iplt)

.relr.dyn
 *(.relr.dyn)
                0x0000000000004000                . = ALIGN (CONSTANT (MAXPAGESIZE))

.init           0x0000000000004000       0x1b
 *(SORT_NONE(.init))
 .init          0x0000000000004000       0x16 C:/Program Files/Common Files/dSPACE/CFD Compiler 24.1/target/x86_64-linux-gnu/bin/../../x86_64-linux-gnu/lib/crti.o
                0x0000000000004000                _init
 .init          0x0000000000004016        0x5 C:/Program Files/Common Files/dSPACE/CFD Compiler 24.1/target/x86_64-linux-gnu/bin/../../x86_64-linux-gnu/lib/crtn.o

.plt            0x0000000000004020       0x10
 *(.plt)
 .plt           0x0000000000004020       0x10 C:/Program Files/Common Files/dSPACE/CFD Compiler 24.1/target/x86_64-linux-gnu/bin/../../x86_64-linux-gnu/lib/Scrt1.o
 *(.iplt)

.plt.got        0x0000000000004030        0x8
 *(.plt.got)
 .plt.got       0x0000000000004030        0x8 C:/Program Files/Common Files/dSPACE/CFD Compiler 24.1/target/x86_64-linux-gnu/bin/../../x86_64-linux-gnu/lib/Scrt1.o
                0x0000000000004030                __cxa_finalize@@GLIBC_2.2.5

.plt.sec
 *(.plt.sec)

.text           0x0000000000004040     0x8dd2
 *(.text.unlikely .text.*_unlikely .text.unlikely.*)
 .text.unlikely
                0x0000000000004040       0x1a dssimengine_main.o64
 .text.unlikely
                0x000000000000405a       0x82 rtosal_task.o64
 *(.text.exit .text.exit.*)
 *(.text.startup .text.startup.*)
 *fill*         0x00000000000040dc        0x4 
 .text.startup  0x00000000000040e0       0x29 dssimengine_main.o64
                0x00000000000040e0                _Z32__registerApplDsCApplicationMainv
 *fill*         0x0000000000004109        0x7 
 .text.startup  0x0000000000004110       0x12 rtosal_simengineap.o64
                0x0000000000004110                _Z21__registerRTTMPConfigv
 *fill*         0x0000000000004122        0xe 
 .text.startup  0x0000000000004130       0x14 IOCode_Data.o64
                0x0000000000004130                _Z31__registerResourceg_ResourceMapv
 *(.text.hot .text.hot.*)
 *(SORT_BY_NAME(.text.sorted.*))
 *(.text .stub .text.* .gnu.linkonce.t.*)
 *fill*         0x0000000000004144        0xc 
 .text          0x0000000000004150       0x26 C:/Program Files/Common Files/dSPACE/CFD Compiler 24.1/target/x86_64-linux-gnu/bin/../../x86_64-linux-gnu/lib/Scrt1.o
                0x0000000000004150                _start
 .text          0x0000000000004176        0x0 C:/Program Files/Common Files/dSPACE/CFD Compiler 24.1/target/x86_64-linux-gnu/bin/../../x86_64-linux-gnu/lib/crti.o
 *fill*         0x0000000000004176        0xa 
 .text          0x0000000000004180       0xb9 C:/Program Files/Common Files/dSPACE/CFD Compiler 24.1/target/x86_64-linux-gnu/bin/../lib/gcc/x86_64-linux-gnu/13.3.0/crtbeginS.o
 *fill*         0x0000000000004239        0x7 
 .text          0x0000000000004240      0x831 StateManager_generated.o64
                0x0000000000004360                StateManager_RegisterCallback_NoTransitions
                0x0000000000004430                StateManager_RegisterCallback_MultipleTransitions
                0x0000000000004720                StateManager_RegisterCallback_SingleTransition
                0x0000000000004750                StateManager_UnregisterCallback_MultipleTransitions
                0x0000000000004850                StateManager_UnregisterCallback_SingleTransition
                0x0000000000004880                StateManager_UnregisterCallback_NoTransitions
                0x0000000000004900                StateManager_GetState
                0x0000000000004910                StateManager_GetState_AsUInt8Ptr
                0x0000000000004920                StateManager_SetState
                0x0000000000004940                StateManager_SetCounterStateIndex
                0x0000000000004950                StateManager_GetCounterState
                0x0000000000004970                StateManager_SetCounterState
                0x00000000000049a0                StateManager_DecrementCounterState
                0x00000000000049d0                StateManager_ResetCounterState
                0x0000000000004a10                StateManager_SetState_Mutex
                0x0000000000004a60                StateManager_StateManagerInit
 *fill*         0x0000000000004a71        0xf 
 .text          0x0000000000004a80      0x6a4 ScalingFunctions.o64
                0x0000000000004a80                ApplicationProcess_1_Scale_Linear_From_boolean
                0x0000000000004ac0                ApplicationProcess_1_Scale_Linear_From_boolean_noround
                0x0000000000004ae0                ApplicationProcess_1_roundSource_From_boolean
                0x0000000000004b00                ApplicationProcess_1_Scale_Linear_From_sint8
                0x0000000000004b40                ApplicationProcess_1_Scale_Linear_From_sint8_noround
                0x0000000000004b60                ApplicationProcess_1_roundSource_From_sint8
                0x0000000000004b90                ApplicationProcess_1_Scale_Linear_From_uint8
                0x0000000000004bd0                ApplicationProcess_1_Scale_Linear_From_uint8_noround
                0x0000000000004bf0                ApplicationProcess_1_roundSource_From_uint8
                0x0000000000004c10                ApplicationProcess_1_Scale_Linear_From_sint16
                0x0000000000004c50                ApplicationProcess_1_Scale_Linear_From_sint16_noround
                0x0000000000004c70                ApplicationProcess_1_roundSource_From_sint16
                0x0000000000004ca0                ApplicationProcess_1_Scale_Linear_From_uint16
                0x0000000000004ce0                ApplicationProcess_1_Scale_Linear_From_uint16_noround
                0x0000000000004d00                ApplicationProcess_1_roundSource_From_uint16
                0x0000000000004d20                ApplicationProcess_1_Scale_Linear_From_sint32
                0x0000000000004d60                ApplicationProcess_1_Scale_Linear_From_sint32_noround
                0x0000000000004d80                ApplicationProcess_1_roundSource_From_sint32
                0x0000000000004db0                ApplicationProcess_1_Scale_Linear_From_uint32
                0x0000000000004df0                ApplicationProcess_1_Scale_Linear_From_uint32_noround
                0x0000000000004e10                ApplicationProcess_1_roundSource_From_uint32
                0x0000000000004e30                ApplicationProcess_1_Scale_Linear_From_sint64
                0x0000000000004e70                ApplicationProcess_1_Scale_Linear_From_sint64_noround
                0x0000000000004e90                ApplicationProcess_1_roundSource_From_sint64
                0x0000000000004ec0                ApplicationProcess_1_Scale_Linear_From_uint64
                0x0000000000004f20                ApplicationProcess_1_Scale_Linear_From_uint64_noround
                0x0000000000004f60                ApplicationProcess_1_roundSource_From_uint64
                0x0000000000004fa0                ApplicationProcess_1_Scale_Linear_From_float32
                0x0000000000004fe0                ApplicationProcess_1_Scale_Linear_From_float32_noround
                0x0000000000005000                ApplicationProcess_1_roundSource_From_float32
                0x0000000000005030                ApplicationProcess_1_Scale_Linear_From_float64
                0x0000000000005060                ApplicationProcess_1_Scale_Linear_From_float64_noround
                0x0000000000005070                ApplicationProcess_1_roundSource_From_float64
                0x00000000000050a0                ApplicationProcess_1_ClampSigned
                0x00000000000050c0                ApplicationProcess_1_ClampUnsigned
                0x00000000000050e0                ApplicationProcess_1_ClampFloat
                0x00000000000050f0                ApplicationProcess_1_ClampSignedToUnsigned
                0x0000000000005110                ApplicationProcess_1_ClampUnsignedToSigned
 *fill*         0x0000000000005124        0xc 
 .text          0x0000000000005130      0x383 Hashmap.o64
                0x0000000000005130                ApplicationProcess_1_HashmapPut
                0x00000000000052e0                ApplicationProcess_1_HashmapGet
                0x00000000000053a0                ApplicationProcess_1_HashmapRemove
                0x0000000000005460                ApplicationProcess_1_HashmapFree
 *fill*         0x00000000000054b3        0xd 
 .text          0x00000000000054c0       0x46 mdladapter_mdlfunctions.o64
                0x00000000000054c0                DsDefEnv_DSFMUAPLastApplStateStopped
                0x00000000000054e0                DsDefEnv_DSFMUAPUnloadMdl
                0x00000000000054f0                DsDefEnv_DSFMUAPTerminateSimulation
                0x0000000000005500                DsDefEnv_DSFMUAPStopSimulation
 .text          0x0000000000005506        0x0 mdlCode_ap.o64
 .text          0x0000000000005506        0x0 data_in_ap.o64
 .text          0x0000000000005506        0x0 data_out_ap.o64
 *fill*         0x0000000000005506        0xa 
 .text          0x0000000000005510       0x10 fm_entry_ap.o64
                0x0000000000005510                DsDefEnv_DSFMUAPFcnModuleEntry0
 .text          0x0000000000005520       0x10 fm_exit_ap.o64
                0x0000000000005520                DsDefEnv_DSFMUAPFcnModuleExit0
 .text          0x0000000000005530      0x697 dssimengine_accesspoint.o64
                0x0000000000005530                ApSimEngineOnInitMdl
                0x0000000000005550                ApSimEngineOnStartMdl
                0x0000000000005570                ApSimEngineOnStopMdl
                0x0000000000005590                ApSimEngineOnTerminateMdl
                0x00000000000055a0                ApSimEngineOnUnloadMdl
                0x00000000000055c0                ApSimEngineOnInitImc
                0x00000000000055d0                ApSimEngineOnStartImc
                0x00000000000055e0                ApSimEngineOnStopImc
                0x00000000000055f0                ApSimEngineOnTerminateImc
                0x0000000000005600                ApSimEngineOnUnloadImc
                0x0000000000005610                ApSimEngineOnInitIoPreRtosInit
                0x00000000000056a0                ApSimEngineOnInitHwDiagnostics
                0x0000000000005830                ApSimEngineOnStopIo
                0x0000000000005850                ApSimEngineOnTerminateIo
                0x0000000000005880                ApSimEngineOnUnloadIo
                0x00000000000058b0                ApSimEngineOnInitRtos
                0x0000000000005900                ApSimEngineOnStartRtos
                0x0000000000005920                ApSimEngineOnStopRtos
                0x0000000000005930                ApSimEngineOnStop
                0x0000000000005980                ApSimEngineOnTerminateRtos
                0x0000000000005990                ApSimEngineOnTerminate
                0x00000000000059e0                ApSimEngineOnUnloadRtos
                0x00000000000059f0                ApSimEngineOnUnload
                0x0000000000005a40                ApSimEngineIdle
                0x0000000000005a50                _Z22ApSimEngineRunTimeInitR16DsCErrorListPooli
                0x0000000000005a60                ApSimEngineOnInitIoPostRtosInit
                0x0000000000005ab0                ApSimEngineOnInit
                0x0000000000005b40                ApSimEngineOnStartIo
                0x0000000000005b80                ApSimEngineOnStart
 *fill*         0x0000000000005bc7        0x9 
 .text          0x0000000000005bd0       0x57 dssimengine_api.o64
                0x0000000000005bd0                _Z25SimEngineLastApplStateGetv
                0x0000000000005be0                _Z16SimEngineApplGetv
                0x0000000000005bf0                _Z17SimEngineApplStopv
                0x0000000000005c10                _Z22SimEngineApplTerminatev
 *fill*         0x0000000000005c27        0x9 
 .text          0x0000000000005c30      0x185 dssimengine_main.o64
                0x0000000000005c30                destroyApplication
                0x0000000000005c50                getApplicationErrorList
                0x0000000000005c60                _ZN18DsCApplicationMainD1Ev
                0x0000000000005c60                _ZN18DsCApplicationMainD2Ev
                0x0000000000005c90                _ZN18DsCApplicationMainD0Ev
                0x0000000000005cb0                _ZN18DsCApplicationMain6onInitER16DsCErrorListPool
                0x0000000000005cd0                _ZN18DsCApplicationMain7onStartER16DsCErrorListPool
                0x0000000000005cf0                _ZN18DsCApplicationMain6onStopER16DsCErrorListPool
                0x0000000000005d10                _ZN18DsCApplicationMain11onTerminateER16DsCErrorListPool
                0x0000000000005d30                _ZN18DsCApplicationMain8onUnloadER16DsCErrorListPool
                0x0000000000005d40                _ZN18DsCApplicationMain6onIdleER16DsCErrorListPool
                0x0000000000005d50                _ZN18DsCApplicationMainC2ER16DsCErrorListPool
                0x0000000000005d50                _ZN18DsCApplicationMainC1ER16DsCErrorListPool
                0x0000000000005d80                createApplication
 *fill*         0x0000000000005db5        0xb 
 .text          0x0000000000005dc0      0x932 rtosal_task.o64
                0x0000000000005dc0                _ZN24DsCRtosAlPeriodic_Task_1D2Ev
                0x0000000000005dc0                _ZN24DsCRtosAlPeriodic_Task_1D1Ev
                0x0000000000005de0                _ZN24DsCRtosAlPeriodic_Task_1D0Ev
                0x0000000000005e00                _ZN50DsCRtosAlBus_Configuration_iBus_Configuration_i1_iD1Ev
                0x0000000000005e00                _ZN50DsCRtosAlBus_Configuration_iBus_Configuration_i1_iD2Ev
                0x0000000000005e20                _ZN50DsCRtosAlBus_Configuration_iBus_Configuration_i1_iD0Ev
                0x0000000000005e40                _ZN34DsCRtosAlCAN_RX_Task_i1_i_CAN_i1_iD2Ev
                0x0000000000005e40                _ZN34DsCRtosAlCAN_RX_Task_i1_i_CAN_i1_iD1Ev
                0x0000000000005e60                _ZN34DsCRtosAlCAN_RX_Task_i1_i_CAN_i1_iD0Ev
                0x0000000000005e80                _ZN50DsCRtosAlBus_Configuration_iBus_Configuration_i2_iD1Ev
                0x0000000000005e80                _ZN50DsCRtosAlBus_Configuration_iBus_Configuration_i2_iD2Ev
                0x0000000000005ea0                _ZN50DsCRtosAlBus_Configuration_iBus_Configuration_i2_iD0Ev
                0x0000000000005ec0                _ZN34DsCRtosAlCAN_RX_Task_i2_i_CAN_i2_iD2Ev
                0x0000000000005ec0                _ZN34DsCRtosAlCAN_RX_Task_i2_i_CAN_i2_iD1Ev
                0x0000000000005ee0                _ZN34DsCRtosAlCAN_RX_Task_i2_i_CAN_i2_iD0Ev
                0x0000000000005f00                _ZN24DsCRtosAlPeriodic_Task_15onRunER16DsCErrorListPool
                0x0000000000005f20                _ZN50DsCRtosAlBus_Configuration_iBus_Configuration_i1_i5onRunER16DsCErrorListPool
                0x0000000000005f40                _ZN34DsCRtosAlCAN_RX_Task_i1_i_CAN_i1_i5onRunER16DsCErrorListPool
                0x0000000000005f60                _ZN50DsCRtosAlBus_Configuration_iBus_Configuration_i2_i5onRunER16DsCErrorListPool
                0x0000000000005f80                _ZN34DsCRtosAlCAN_RX_Task_i2_i_CAN_i2_i5onRunER16DsCErrorListPool
                0x0000000000005fa0                _ZN24DsCRtosAlPeriodic_Task_1C2ER16DsCErrorListPoolP14DsCApplicationPKcjjjjjjjP7DsCTaskj
                0x0000000000005fa0                _ZN24DsCRtosAlPeriodic_Task_1C1ER16DsCErrorListPoolP14DsCApplicationPKcjjjjjjjP7DsCTaskj
                0x0000000000005ff0                _ZN24DsCRtosAlPeriodic_Task_16createER16DsCErrorListPoolP14DsCApplicationPKcjjjjjjjP7DsCTaskj
                0x00000000000060a0                _ZN50DsCRtosAlBus_Configuration_iBus_Configuration_i1_iC1ER16DsCErrorListPoolP14DsCApplicationPKcjjjjjjjP7DsCTaskj
                0x00000000000060a0                _ZN50DsCRtosAlBus_Configuration_iBus_Configuration_i1_iC2ER16DsCErrorListPoolP14DsCApplicationPKcjjjjjjjP7DsCTaskj
                0x00000000000060f0                _ZN50DsCRtosAlBus_Configuration_iBus_Configuration_i1_i6createER16DsCErrorListPoolP14DsCApplicationPKcjjjjjjjP7DsCTaskj
                0x00000000000061a0                _ZN34DsCRtosAlCAN_RX_Task_i1_i_CAN_i1_iC1ER16DsCErrorListPoolP14DsCApplicationPKcjjjjjjjP7DsCTaskj
                0x00000000000061a0                _ZN34DsCRtosAlCAN_RX_Task_i1_i_CAN_i1_iC2ER16DsCErrorListPoolP14DsCApplicationPKcjjjjjjjP7DsCTaskj
                0x00000000000061f0                _ZN34DsCRtosAlCAN_RX_Task_i1_i_CAN_i1_i6createER16DsCErrorListPoolP14DsCApplicationPKcjjjjjjjP7DsCTaskj
                0x00000000000062a0                _ZN50DsCRtosAlBus_Configuration_iBus_Configuration_i2_iC1ER16DsCErrorListPoolP14DsCApplicationPKcjjjjjjjP7DsCTaskj
                0x00000000000062a0                _ZN50DsCRtosAlBus_Configuration_iBus_Configuration_i2_iC2ER16DsCErrorListPoolP14DsCApplicationPKcjjjjjjjP7DsCTaskj
                0x00000000000062f0                _ZN50DsCRtosAlBus_Configuration_iBus_Configuration_i2_i6createER16DsCErrorListPoolP14DsCApplicationPKcjjjjjjjP7DsCTaskj
                0x00000000000063a0                _ZN34DsCRtosAlCAN_RX_Task_i2_i_CAN_i2_iC1ER16DsCErrorListPoolP14DsCApplicationPKcjjjjjjjP7DsCTaskj
                0x00000000000063a0                _ZN34DsCRtosAlCAN_RX_Task_i2_i_CAN_i2_iC2ER16DsCErrorListPoolP14DsCApplicationPKcjjjjjjjP7DsCTaskj
                0x00000000000063f0                _ZN34DsCRtosAlCAN_RX_Task_i2_i_CAN_i2_i6createER16DsCErrorListPoolP14DsCApplicationPKcjjjjjjjP7DsCTaskj
                0x00000000000064a0                _Z37RtosAlDefaultDeadlineViolationHandlerR16DsCErrorListPoolP7DsCTask
                0x0000000000006560                _Z35RtosAlProfilerSourcesInitializationv
                0x0000000000006570                _Z20RtosAlHandleOverrunsP7DsCTaski
                0x0000000000006660                _ZN24DsCRtosAlPeriodic_Task_19onOverrunER16DsCErrorListPool
                0x0000000000006680                _ZN50DsCRtosAlBus_Configuration_iBus_Configuration_i1_i9onOverrunER16DsCErrorListPool
                0x00000000000066a0                _ZN34DsCRtosAlCAN_RX_Task_i1_i_CAN_i1_i9onOverrunER16DsCErrorListPool
                0x00000000000066c0                _ZN50DsCRtosAlBus_Configuration_iBus_Configuration_i2_i9onOverrunER16DsCErrorListPool
                0x00000000000066e0                _ZN34DsCRtosAlCAN_RX_Task_i2_i_CAN_i2_i9onOverrunER16DsCErrorListPool
 *fill*         0x00000000000066f2        0xe 
 .text          0x0000000000006700      0x1c6 rtosal_taskap.o64
                0x0000000000006700                DSFMUGetAbsoluteTime
                0x0000000000006720                RtosAlTask_01_TaskEntry
                0x0000000000006740                RtosAlTask_01_TaskExit
                0x00000000000067b0                RtosAla07fa053minus13b3minus4b84minusb495minus0327801ab080_TaskEntry
                0x00000000000067c0                RtosAla07fa053minus13b3minus4b84minusb495minus0327801ab080_TaskExit
                0x0000000000006820                RtosAlCAN_RX_Task_TaskEntry
                0x0000000000006830                RtosAlCAN_RX_Task_TaskExit
                0x0000000000006840                RtosAl593c56e7minusd2d9minus4768minusb99cminus654ed38d276b_TaskEntry
                0x0000000000006850                RtosAl593c56e7minusd2d9minus4768minusb99cminus654ed38d276b_TaskExit
                0x00000000000068b0                RtosAlCAN_RX_Task_TaskEntry_1
                0x00000000000068c0                RtosAlCAN_RX_Task_TaskExit_1
 *fill*         0x00000000000068c6        0xa 
 .text          0x00000000000068d0      0x4cf rtosal_simengineap.o64
                0x00000000000068d0                _Z12RtosAlOnInitR16DsCErrorListPool
                0x0000000000006be0                _Z13RtosAlOnStartR16DsCErrorListPool
 *fill*         0x0000000000006d9f        0x1 
 .text          0x0000000000006da0       0x20 IOCode_Data.o64
                0x0000000000006da0                _Z25CAN_RX_Component_Functionv
                0x0000000000006db0                _Z27CAN_RX_Component_Function_1v
 .text          0x0000000000006dc0      0xe36 dssimengine_accesspoint_CAN.o64
                0x0000000000006dc0                _Z49ApSimEngineOnInitIoPreRtosInit_ctlcBODY_2_CAN_i1_R16DsCErrorListPoolP14DsCApplication
                0x0000000000006e20                _Z50ApSimEngineOnInitIoPostRtosInit_ctlcBODY_0_CAN_i1_R16DsCErrorListPool
                0x0000000000007490                _Z43ApSimEngineOnTerminateIo_ctlcBODY_0_CAN_i1_R16DsCErrorListPool
                0x00000000000074a0                _Z40ApSimEngineOnUnloadIo_ctlcBODY_0_CAN_i1_R16DsCErrorListPool
                0x00000000000074e0                _Z49ApSimEngineOnInitIoPreRtosInit_ctlcBODY_2_CAN_i2_R16DsCErrorListPoolP14DsCApplication
                0x0000000000007540                _Z50ApSimEngineOnInitIoPostRtosInit_ctlcBODY_0_CAN_i2_R16DsCErrorListPool
                0x0000000000007bb0                _Z43ApSimEngineOnTerminateIo_ctlcBODY_0_CAN_i2_R16DsCErrorListPool
                0x0000000000007bc0                _Z40ApSimEngineOnUnloadIo_ctlcBODY_0_CAN_i2_R16DsCErrorListPool
 *fill*         0x0000000000007bf6        0xa 
 .text          0x0000000000007c00      0x888 DsDefEnv_mdlfunctions.o64
                0x0000000000007c00                DsDefEnv_DSFMUUnloadMdl
                0x0000000000007c50                DsDefEnv_DSFMUTerminateSimulation
                0x0000000000007c90                DsDefEnv_DSFMUInitMdl
                0x0000000000007e10                DsDefEnv_DSFMUStopMdl
                0x0000000000007ec0                DsDefEnv_DSFMUForceStopMdl
                0x0000000000007f60                DsDefEnv_DSFMUCheckForSimulationStopCondition
                0x0000000000007f70                _Z22DsDefEnv_UpdateLogModev
                0x0000000000008000                DsDefEnv_DSFMUProvideInputs
                0x0000000000008010                DsDefEnv_DSFMUGetOutputs
                0x0000000000008020                DsDefEnv_DSFMUProvideParameters
                0x0000000000008030                DsDefEnv_DSFMUProvideParametersInit
                0x0000000000008040                _Z45DsDefEnv_DSFMUProvideStructuralParametersInitv
                0x0000000000008050                DsDefEnv_DSFMUGetDependentParameters
                0x0000000000008060                DsDefEnv_DSFMUGetDependentParametersInit
                0x0000000000008070                DsDefEnv_DSFMUStartMdl
                0x0000000000008350                DsDefEnv_DSFMUStep
 *fill*         0x0000000000008488        0x8 
 .text          0x0000000000008490      0x4f2 dsfmu_logger.o64
                0x0000000000008490                _ZN11DSFMULogger9fmuLoggerEPvPKc10fmi2StatusS2_S2_z
                0x00000000000086d0                _ZN12DSFMULogger39fmuLoggerEPv10fmi3StatusPKcS3_
                0x00000000000088a0                _ZN12DSFMULogger315fmuLoggerFormatEPv10fmi3StatusPKcS3_z
 *fill*         0x0000000000008982        0xe 
 .text          0x0000000000008990       0x43 dsfmu_callbacks.o64
                0x0000000000008990                _ZN14DSFMUCallBacks17cb_lockPreemptionEv
                0x00000000000089a0                _ZN14DSFMUCallBacks19cb_unlockPreemptionEv
                0x00000000000089b0                _ZN14DSFMUCallBacks17cb_allocateMemoryEPvmm
                0x00000000000089c0                _ZN14DSFMUCallBacks13cb_freeMemoryEPvS0_
                0x00000000000089d0                _ZN14DSFMUCallBacks21cb_intermediateUpdateEPvdbbbbbb
 *fill*         0x00000000000089d3        0xd 
 .text          0x00000000000089e0       0x51 dsfmu_readwrite.o64
                0x00000000000089e0                _Z26Fmi2GetResourceDirLocationPKc
                0x0000000000008a20                _Z24DsDefEnv_DSFMUReadInputsv
                0x0000000000008a30                _Z26DsDefEnv_DSFMUWriteOutputsv
 *fill*         0x0000000000008a31        0xf 
 .text          0x0000000000008a40       0x80 BusManager_Bus_Configuration_i1_i12836_1.o64
                0x0000000000008a40                BM_BUS_CONFIGURATION_i1_i12836_1_Init
                0x0000000000008a80                BM_BUS_CONFIGURATION_i1_i12836_1_OnStart
                0x0000000000008a90                BM_BUS_CONFIGURATION_i1_i12836_1_OnStop
                0x0000000000008aa0                BM_BUS_CONFIGURATION_i1_i12836_1_VariableInitialize
 .text          0x0000000000008ac0       0x80 BusManager_Bus_Configuration_i2_i12859_1.o64
                0x0000000000008ac0                BM_BUS_CONFIGURATION_i2_i12859_1_Init
                0x0000000000008b00                BM_BUS_CONFIGURATION_i2_i12859_1_OnStart
                0x0000000000008b10                BM_BUS_CONFIGURATION_i2_i12859_1_OnStop
                0x0000000000008b20                BM_BUS_CONFIGURATION_i2_i12859_1_VariableInitialize
 .text          0x0000000000008b40      0x1cc Bus_Configuration_i1_i12836.o64
                0x0000000000008b40                Bus_Configuration_i1_i12836_PostStart
                0x0000000000008b50                Bus_Configuration_i1_i12836_OnStart
                0x0000000000008b80                Bus_Configuration_i1_i12836_PostStop
                0x0000000000008b90                Bus_Configuration_i1_i12836_OnStop
                0x0000000000008bb0                Bus_Configuration_i1_i12836_VariableInitialize
                0x0000000000008bd0                Bus_Configuration_i1_i12836_Init
                0x0000000000008c20                _Z47Bus_Configuration_i1_i12836_AdjustCreditCounterii
                0x0000000000008cb0                Bus_Configuration_i1_iBusCfg_MainFunctionDeliver_12848_12842
                0x0000000000008ce0                Bus_Configuration_i1_iBusCfg_MainFunctionFetch_12847_12842
 *fill*         0x0000000000008d0c        0x4 
 .text          0x0000000000008d10      0x28a Bus_Configuration_i1_i12836_tx.o64
                0x0000000000008d90                Bus_Configuration_i1_i12836_BusCfgTx_VariableInitialize
                0x0000000000008da0                Bus_Configuration_i1_i12836_BusCfgTx_Init
                0x0000000000008dc0                Bus_Configuration_i1_i12836_InitializePduTimings
                0x0000000000008e20                Bus_Configuration_i1_i12836_BusCfgTx_OnStart
                0x0000000000008e30                Bus_Configuration_i1_i12836_BusCfgTx_SetPduPeriodOffset
                0x0000000000008ec0                Bus_Configuration_i1_i12836_BusCfgTx_SetPduPending
                0x0000000000008ee0                Bus_Configuration_i1_i12836_BusCfgTx_TriggerPendingPdus
 *fill*         0x0000000000008f9a        0x6 
 .text          0x0000000000008fa0        0x1 Bus_Configuration_i1_i12836_if.o64
                0x0000000000008fa0                Bus_Configuration_i1_i12836__InitializeModelAPI
 *fill*         0x0000000000008fa1        0xf 
 .text          0x0000000000008fb0      0x141 Bus_Configuration_i1_i12836_CAN.o64
                0x0000000000008fb0                Bus_Configuration_i1_i12836_CAN_Init
                0x0000000000008fc0                Bus_Configuration_i1_i12836_CAN_PostStart
                0x0000000000008fd0                Bus_Configuration_i1_i12836_CAN_PostStop
                0x0000000000008fe0                Bus_Configuration_i1_i12836_CAN_VariableInitialize
                0x00000000000090a0                Bus_Configuration_i1_i12836_CAN_BoardUpdate
                0x00000000000090c0                Bus_Configuration_i1_i12836_CAN_GetTxQueueCount
 *fill*         0x00000000000090f1        0xf 
 .text          0x0000000000009100      0x14a Bus_Configuration_i2_i12859.o64
                0x0000000000009100                Bus_Configuration_i2_i12859_PostStart
                0x0000000000009120                Bus_Configuration_i2_i12859_OnStart
                0x0000000000009150                Bus_Configuration_i2_i12859_PostStop
                0x0000000000009160                Bus_Configuration_i2_i12859_OnStop
                0x0000000000009180                Bus_Configuration_i2_i12859_VariableInitialize
                0x00000000000091a0                Bus_Configuration_i2_i12859_Init
                0x00000000000091f0                Bus_Configuration_i2_iBusCfg_MainFunctionDeliver_12869_12863
                0x0000000000009210                Bus_Configuration_i2_iBusCfg_MainFunctionFetch_12868_12863
 *fill*         0x000000000000924a        0x6 
 .text          0x0000000000009250       0xe1 Bus_Configuration_i2_i12859_tx.o64
                0x0000000000009250                Bus_Configuration_i2_i12859_BusCfgTx_OnStart
                0x0000000000009260                Bus_Configuration_i2_i12859_BusCfgTx_VariableInitialize
                0x0000000000009270                Bus_Configuration_i2_i12859_BusCfgTx_Init
                0x0000000000009280                Bus_Configuration_i2_i12859_BusCfgTx_SetPduPeriodOffset
                0x0000000000009310                Bus_Configuration_i2_i12859_BusCfgTx_SetPduPending
                0x0000000000009330                Bus_Configuration_i2_i12859_BusCfgTx_TriggerPendingPdus
 *fill*         0x0000000000009331        0xf 
 .text          0x0000000000009340        0x1 Bus_Configuration_i2_i12859_if.o64
                0x0000000000009340                Bus_Configuration_i2_i12859__InitializeModelAPI
 *fill*         0x0000000000009341        0xf 
 .text          0x0000000000009350      0x375 Bus_Configuration_i2_i12859_CAN.o64
                0x0000000000009370                Bus_Configuration_i2_i12859_CAN_Receive
                0x00000000000094c0                Bus_Configuration_i2_i12859_CAN_Init
                0x00000000000094d0                Bus_Configuration_i2_i12859_CAN_PostStart
                0x0000000000009530                Bus_Configuration_i2_i12859_CAN_PostStop
                0x0000000000009590                Bus_Configuration_i2_i12859_CAN_VariableInitialize
                0x00000000000096b0                Bus_Configuration_i2_i12859_CAN_BoardUpdate
 *fill*         0x00000000000096c5        0xb 
 .text          0x00000000000096d0       0xa9 BusRtCode.o64
                0x00000000000096d0                _Z14BusRtCode_Initv
                0x00000000000096f0                _Z17BusRtCode_OnStartv
                0x0000000000009720                _Z16BusRtCode_OnStopv
                0x0000000000009740                CheckCanBoardUpdate_CANBUSACCESS_1_CAN_CH
                0x0000000000009760                CheckCanBoardUpdate_CANBUSACCESS_2_CAN_CH
 *fill*         0x0000000000009779        0x7 
 .text          0x0000000000009780      0x2a3 C:\Users\AkihikoM\AppData\Local\Temp\dSPACE\CfgDesk\AppCache\6\Build\ApplicationProcess_1\Compile\DsDefEnv\DsDefEnv.a(DsDefEnv.o64)
                0x0000000000009780                DsDefEnv_fmi2GetTypesPlatform
                0x0000000000009790                DsDefEnv_fmi2GetVersion
                0x00000000000097a0                DsDefEnv_fmi2SetDebugLogging
                0x00000000000097b0                DsDefEnv_fmi2Instantiate
                0x00000000000098a0                DsDefEnv_fmi2FreeInstance
                0x00000000000098c0                DsDefEnv_fmi2SetupExperiment
                0x00000000000098d0                DsDefEnv_fmi2EnterInitializationMode
                0x00000000000098e0                DsDefEnv_fmi2ExitInitializationMode
                0x00000000000098f0                DsDefEnv_fmi2Terminate
                0x0000000000009900                DsDefEnv_fmi2Reset
                0x0000000000009910                DsDefEnv_fmi2GetReal
                0x0000000000009920                DsDefEnv_fmi2GetInteger
                0x0000000000009930                DsDefEnv_fmi2GetBoolean
                0x0000000000009940                DsDefEnv_fmi2GetString
                0x0000000000009950                DsDefEnv_fmi2SetReal
                0x0000000000009960                DsDefEnv_fmi2SetInteger
                0x0000000000009970                DsDefEnv_fmi2SetBoolean
                0x0000000000009980                DsDefEnv_fmi2SetString
                0x0000000000009990                DsDefEnv_fmi2GetDirectionalDerivative
                0x00000000000099a0                DsDefEnv_fmi2SetRealInputDerivatives
                0x00000000000099b0                DsDefEnv_fmi2GetRealOutputDerivatives
                0x00000000000099c0                DsDefEnv_fmi2DoStep
                0x00000000000099d0                DsDefEnv_fmi2CancelStep
                0x00000000000099e0                DsDefEnv_fmi2GetStatus
                0x00000000000099f0                DsDefEnv_fmi2GetRealStatus
                0x0000000000009a00                DsDefEnv_fmi2GetIntegerStatus
                0x0000000000009a10                DsDefEnv_fmi2GetBooleanStatus
                0x0000000000009a20                DsDefEnv_fmi2GetStringStatus
 *fill*         0x0000000000009a23        0xd 
 .text          0x0000000000009a30      0x13d C:\Users\AkihikoM\AppData\Local\Temp\dSPACE\CfgDesk\AppCache\6\Build\ApplicationProcess_1\Compile\CentralGatewayEcu_12836_1\CentralGatewayEcu_12836_1.a(CanIf_Cfg.o64)
                0x0000000000009a30                BM_BUS_CONFIGURATION_i1_i12836_1_CENTRALGATEWAYECU_CanIf_InitDefaultConfig
                0x0000000000009a80                BM_BUS_CONFIGURATION_i1_i12836_1_CENTRALGATEWAYECU_CanIf_Init
                0x0000000000009a90                BM_BUS_CONFIGURATION_i1_i12836_1_CENTRALGATEWAYECU_CanIf_VariableInitialize
 .text          0x0000000000009b6d        0x0 C:\Users\AkihikoM\AppData\Local\Temp\dSPACE\CfgDesk\AppCache\6\Build\ApplicationProcess_1\Compile\CentralGatewayEcu_12836_1\CentralGatewayEcu_12836_1.a(CanIf_Cfg_BusAccess.o64)
 *fill*         0x0000000000009b6d        0x3 
 .text          0x0000000000009b70       0x86 C:\Users\AkihikoM\AppData\Local\Temp\dSPACE\CfgDesk\AppCache\6\Build\ApplicationProcess_1\Compile\CentralGatewayEcu_12836_1\CentralGatewayEcu_12836_1.a(Rte_generated.o64)
                0x0000000000009b70                BM_BUS_CONFIGURATION_i1_i12836_1_CENTRALGATEWAYECU_Rte_VariableInitialize
                0x0000000000009b80                BM_BUS_CONFIGURATION_i1_i12836_1_CENTRALGATEWAYECU_Rte_SetPhysicalValue
                0x0000000000009b90                BM_BUS_CONFIGURATION_i1_i12836_1_CENTRALGATEWAYECU_Rte_SetPhysicalEvent
                0x0000000000009ba0                BM_BUS_CONFIGURATION_i1_i12836_1_CENTRALGATEWAYECU_Rte_SetCodedValue
                0x0000000000009bb0                BM_BUS_CONFIGURATION_i1_i12836_1_CENTRALGATEWAYECU_Rte_SetCodedEvent
                0x0000000000009bc0                BM_BUS_CONFIGURATION_i1_i12836_1_CENTRALGATEWAYECU_Rte_GetMethodInArguments
                0x0000000000009bd0                BM_BUS_CONFIGURATION_i1_i12836_1_CENTRALGATEWAYECU_Rte_SetMethodOutArguments
                0x0000000000009be0                BM_BUS_CONFIGURATION_i1_i12836_1_CENTRALGATEWAYECU_Rte_WriteSignal
                0x0000000000009bf0                BM_BUS_CONFIGURATION_i1_i12836_1_CENTRALGATEWAYECU_Rte_ReadSignal
 *fill*         0x0000000000009bf6        0xa 
 .text          0x0000000000009c00       0x7a C:\Users\AkihikoM\AppData\Local\Temp\dSPACE\CfgDesk\AppCache\6\Build\ApplicationProcess_1\Compile\CentralGatewayEcu_12836_1\CentralGatewayEcu_12836_1.a(Com_generated.o64)
                0x0000000000009c00                BM_BUS_CONFIGURATION_i1_i12836_1_CENTRALGATEWAYECU_Com_Init
                0x0000000000009c30                BM_BUS_CONFIGURATION_i1_i12836_1_CENTRALGATEWAYECU_Com_DeInit
                0x0000000000009c40                BM_BUS_CONFIGURATION_i1_i12836_1_CENTRALGATEWAYECU_Com_VariableInitialize
                0x0000000000009c60                BM_BUS_CONFIGURATION_i1_i12836_1_CENTRALGATEWAYECU_Com_OnStart
                0x0000000000009c70                BM_BUS_CONFIGURATION_i1_i12836_1_CENTRALGATEWAYECU_Com_GetStatus
 *fill*         0x0000000000009c7a        0x6 
 .text          0x0000000000009c80      0x191 C:\Users\AkihikoM\AppData\Local\Temp\dSPACE\CfgDesk\AppCache\6\Build\ApplicationProcess_1\Compile\CentralGatewayEcu_12836_1\CentralGatewayEcu_12836_1.a(Com_Tx_generated.o64)
                0x0000000000009c80                BM_BUS_CONFIGURATION_i1_i12836_1_CENTRALGATEWAYECU_Com_Tx_Init
                0x0000000000009cb0                BM_BUS_CONFIGURATION_i1_i12836_1_CENTRALGATEWAYECU_Com_Tx_VariableInitialize
                0x0000000000009ce0                BM_BUS_CONFIGURATION_i1_i12836_1_CENTRALGATEWAYECU_Com_TriggerIPDUSend
                0x0000000000009d10                BM_BUS_CONFIGURATION_i1_i12836_1_CENTRALGATEWAYECU_Com_TriggerTransmit
                0x0000000000009d60                BM_BUS_CONFIGURATION_i1_i12836_1_CENTRALGATEWAYECU_Com_TriggerIPDU
                0x0000000000009d90                BM_BUS_CONFIGURATION_i1_i12836_1_CENTRALGATEWAYECU_Com_SendSignal
                0x0000000000009db0                BM_BUS_CONFIGURATION_i1_i12836_1_CENTRALGATEWAYECU_Com_SendSignalGroup
                0x0000000000009dc0                BM_BUS_CONFIGURATION_i1_i12836_1_CENTRALGATEWAYECU_Com_UpdateShadowSignal
                0x0000000000009dd0                BM_BUS_CONFIGURATION_i1_i12836_1_CENTRALGATEWAYECU_Com_InvalidateSignal
                0x0000000000009de0                BM_BUS_CONFIGURATION_i1_i12836_1_CENTRALGATEWAYECU_Com_InvalidateShadowSignal
                0x0000000000009df0                BM_BUS_CONFIGURATION_i1_i12836_1_CENTRALGATEWAYECU_Com_InvalidateSignalGroup
                0x0000000000009e00                BM_BUS_CONFIGURATION_i1_i12836_1_CENTRALGATEWAYECU_Com_PduEnabledSendCheck
                0x0000000000009e10                BM_BUS_CONFIGURATION_i1_i12836_1_CENTRALGATEWAYECU_Com_TxConfirmation
 *fill*         0x0000000000009e11        0xf 
 .text          0x0000000000009e20       0x51 C:\Users\AkihikoM\AppData\Local\Temp\dSPACE\CfgDesk\AppCache\6\Build\ApplicationProcess_1\Compile\CentralGatewayEcu_12836_1\CentralGatewayEcu_12836_1.a(Com_Rx_generated.o64)
                0x0000000000009e20                BM_BUS_CONFIGURATION_i1_i12836_1_CENTRALGATEWAYECU_Com_Rx_Init
                0x0000000000009e30                BM_BUS_CONFIGURATION_i1_i12836_1_CENTRALGATEWAYECU_Com_Rx_VariableInitialize
                0x0000000000009e40                BM_BUS_CONFIGURATION_i1_i12836_1_CENTRALGATEWAYECU_Com_ReceiveSignal
                0x0000000000009e50                BM_BUS_CONFIGURATION_i1_i12836_1_CENTRALGATEWAYECU_Com_ReceiveSignalGroup
                0x0000000000009e60                BM_BUS_CONFIGURATION_i1_i12836_1_CENTRALGATEWAYECU_Com_ReceiveShadowSignal
                0x0000000000009e70                BM_BUS_CONFIGURATION_i1_i12836_1_CENTRALGATEWAYECU_Com_RxIndication
 .text          0x0000000000009e71        0x0 C:\Users\AkihikoM\AppData\Local\Temp\dSPACE\CfgDesk\AppCache\6\Build\ApplicationProcess_1\Compile\CentralGatewayEcu_12836_1\CentralGatewayEcu_12836_1.a(PduR_Cfg_generated.o64)
 *fill*         0x0000000000009e71        0xf 
 .text          0x0000000000009e80      0x159 C:\Users\AkihikoM\AppData\Local\Temp\dSPACE\CfgDesk\AppCache\6\Build\ApplicationProcess_1\Compile\CentralGatewayEcu_12836_1\CentralGatewayEcu_12836_1.a(PduR_generated.o64)
                0x0000000000009e80                BM_BUS_CONFIGURATION_i1_i12836_1_CENTRALGATEWAYECU_PduR_GetVersionInfo
                0x0000000000009ea0                BM_BUS_CONFIGURATION_i1_i12836_1_CENTRALGATEWAYECU_PduR_Init
                0x0000000000009eb0                BM_BUS_CONFIGURATION_i1_i12836_1_CENTRALGATEWAYECU_PduR_VariableInitialize
                0x0000000000009ec0                BM_BUS_CONFIGURATION_i1_i12836_1_CENTRALGATEWAYECU_PduR_ComTransmit
                0x0000000000009f60                BM_BUS_CONFIGURATION_i1_i12836_1_CENTRALGATEWAYECU_PduR_CanIfTxConfirmation
                0x0000000000009fa0                BM_BUS_CONFIGURATION_i1_i12836_1_CENTRALGATEWAYECU_PduR_CanIfRxIndication
 *fill*         0x0000000000009fd9        0x7 
 .text          0x0000000000009fe0     0x1481 C:\Users\AkihikoM\AppData\Local\Temp\dSPACE\CfgDesk\AppCache\6\Build\ApplicationProcess_1\Compile\CentralGatewayEcu_12836_1\CentralGatewayEcu_12836_1.a(CanIf.o64)
                0x0000000000009fe0                BM_BUS_CONFIGURATION_i1_i12836_1_CENTRALGATEWAYECU_CanIf_CheckTrcvWakeFlagIndication
                0x000000000000a1a0                BM_BUS_CONFIGURATION_i1_i12836_1_CENTRALGATEWAYECU_CanIf_TxConfirmation
                0x000000000000a2c0                BM_BUS_CONFIGURATION_i1_i12836_1_CENTRALGATEWAYECU_CanIf_InitController
                0x000000000000a630                BM_BUS_CONFIGURATION_i1_i12836_1_CENTRALGATEWAYECU_CanIf_SetControllerMode
                0x000000000000a770                BM_BUS_CONFIGURATION_i1_i12836_1_CENTRALGATEWAYECU_CanIf_InitFunction
                0x000000000000aa60                BM_BUS_CONFIGURATION_i1_i12836_1_CENTRALGATEWAYECU_CanIf_GetControllerMode
                0x000000000000aab0                BM_BUS_CONFIGURATION_i1_i12836_1_CENTRALGATEWAYECU_CanIf_Transmit
                0x000000000000aae0                BM_BUS_CONFIGURATION_i1_i12836_1_CENTRALGATEWAYECU_CanIf_TransmitFunction
                0x000000000000ae10                BM_BUS_CONFIGURATION_i1_i12836_1_CENTRALGATEWAYECU_CanIf_ReadRxPduData
                0x000000000000aef0                BM_BUS_CONFIGURATION_i1_i12836_1_CENTRALGATEWAYECU_CanIf_ReadTxNotifStatus
                0x000000000000af20                BM_BUS_CONFIGURATION_i1_i12836_1_CENTRALGATEWAYECU_CanIf_ReadRxNotifStatus
                0x000000000000af50                BM_BUS_CONFIGURATION_i1_i12836_1_CENTRALGATEWAYECU_CanIf_SetPduMode
                0x000000000000b020                BM_BUS_CONFIGURATION_i1_i12836_1_CENTRALGATEWAYECU_CanIf_GetPduMode
                0x000000000000b080                BM_BUS_CONFIGURATION_i1_i12836_1_CENTRALGATEWAYECU_CanIf_GetVersionInfo
                0x000000000000b0b0                BM_BUS_CONFIGURATION_i1_i12836_1_CENTRALGATEWAYECU_CanIf_SetDynamicTxId
                0x000000000000b110                BM_BUS_CONFIGURATION_i1_i12836_1_CENTRALGATEWAYECU_CanIf_SetTransceiverMode
                0x000000000000b120                BM_BUS_CONFIGURATION_i1_i12836_1_CENTRALGATEWAYECU_CanIf_GetTransceiverMode
                0x000000000000b130                BM_BUS_CONFIGURATION_i1_i12836_1_CENTRALGATEWAYECU_CanIf_GetTrcvWakeupReason
                0x000000000000b140                BM_BUS_CONFIGURATION_i1_i12836_1_CENTRALGATEWAYECU_CanIf_SetTransceiverWakeupMode
                0x000000000000b150                BM_BUS_CONFIGURATION_i1_i12836_1_CENTRALGATEWAYECU_CanIf_CheckWakeup
                0x000000000000b190                BM_BUS_CONFIGURATION_i1_i12836_1_CENTRALGATEWAYECU_CanIf_CheckValidation
                0x000000000000b1e0                BM_BUS_CONFIGURATION_i1_i12836_1_CENTRALGATEWAYECU_CanIf_GetTxConfirmationState
                0x000000000000b210                BM_BUS_CONFIGURATION_i1_i12836_1_CENTRALGATEWAYECU_CanIf_ClearTrcvWufFlag
                0x000000000000b220                BM_BUS_CONFIGURATION_i1_i12836_1_CENTRALGATEWAYECU_CanIf_CheckTrcvWakeFlag
                0x000000000000b230                BM_BUS_CONFIGURATION_i1_i12836_1_CENTRALGATEWAYECU_CanIf_RxIndication
                0x000000000000b320                BM_BUS_CONFIGURATION_i1_i12836_1_CENTRALGATEWAYECU_CanIf_RxInterruptIndication
                0x000000000000b3c0                BM_BUS_CONFIGURATION_i1_i12836_1_CENTRALGATEWAYECU_CanIf_CancelTxConfirmation
                0x000000000000b3d0                BM_BUS_CONFIGURATION_i1_i12836_1_CENTRALGATEWAYECU_CanIf_ControllerBusOff
                0x000000000000b440                BM_BUS_CONFIGURATION_i1_i12836_1_CENTRALGATEWAYECU_CanIf_ConfirmPnAvailability
                0x000000000000b450                BM_BUS_CONFIGURATION_i1_i12836_1_CENTRALGATEWAYECU_CanIf_ClearTrcvWufFlagIndication
                0x000000000000b460                BM_BUS_CONFIGURATION_i1_i12836_1_CENTRALGATEWAYECU_CanIf_TrcvModeIndication
 *fill*         0x000000000000b461        0xf 
 .text          0x000000000000b470       0x42 C:\Users\AkihikoM\AppData\Local\Temp\dSPACE\CfgDesk\AppCache\6\Build\ApplicationProcess_1\Compile\CentralGatewayEcu_12836_1\CentralGatewayEcu_12836_1.a(SchM_CanIf.o64)
                0x000000000000b470                BM_BUS_CONFIGURATION_i1_i12836_1_CENTRALGATEWAYECU_SchM_Enter_CanIf
                0x000000000000b490                BM_BUS_CONFIGURATION_i1_i12836_1_CENTRALGATEWAYECU_SchM_Exit_CanIf
 *fill*         0x000000000000b4b2        0xe 
 .text          0x000000000000b4c0     0x1481 C:\Users\AkihikoM\AppData\Local\Temp\dSPACE\CfgDesk\AppCache\6\Build\ApplicationProcess_1\Compile\BodyControlEcu_12859_1\BodyControlEcu_12859_1.a(CanIf.o64)
                0x000000000000b4c0                BM_BUS_CONFIGURATION_i2_i12859_1_BODYCONTROLECU_CanIf_CheckTrcvWakeFlagIndication
                0x000000000000b680                BM_BUS_CONFIGURATION_i2_i12859_1_BODYCONTROLECU_CanIf_TxConfirmation
                0x000000000000b7a0                BM_BUS_CONFIGURATION_i2_i12859_1_BODYCONTROLECU_CanIf_InitController
                0x000000000000bb10                BM_BUS_CONFIGURATION_i2_i12859_1_BODYCONTROLECU_CanIf_SetControllerMode
                0x000000000000bc50                BM_BUS_CONFIGURATION_i2_i12859_1_BODYCONTROLECU_CanIf_InitFunction
                0x000000000000bf40                BM_BUS_CONFIGURATION_i2_i12859_1_BODYCONTROLECU_CanIf_GetControllerMode
                0x000000000000bf90                BM_BUS_CONFIGURATION_i2_i12859_1_BODYCONTROLECU_CanIf_Transmit
                0x000000000000bfc0                BM_BUS_CONFIGURATION_i2_i12859_1_BODYCONTROLECU_CanIf_TransmitFunction
                0x000000000000c2f0                BM_BUS_CONFIGURATION_i2_i12859_1_BODYCONTROLECU_CanIf_ReadRxPduData
                0x000000000000c3d0                BM_BUS_CONFIGURATION_i2_i12859_1_BODYCONTROLECU_CanIf_ReadTxNotifStatus
                0x000000000000c400                BM_BUS_CONFIGURATION_i2_i12859_1_BODYCONTROLECU_CanIf_ReadRxNotifStatus
                0x000000000000c430                BM_BUS_CONFIGURATION_i2_i12859_1_BODYCONTROLECU_CanIf_SetPduMode
                0x000000000000c500                BM_BUS_CONFIGURATION_i2_i12859_1_BODYCONTROLECU_CanIf_GetPduMode
                0x000000000000c560                BM_BUS_CONFIGURATION_i2_i12859_1_BODYCONTROLECU_CanIf_GetVersionInfo
                0x000000000000c590                BM_BUS_CONFIGURATION_i2_i12859_1_BODYCONTROLECU_CanIf_SetDynamicTxId
                0x000000000000c5f0                BM_BUS_CONFIGURATION_i2_i12859_1_BODYCONTROLECU_CanIf_SetTransceiverMode
                0x000000000000c600                BM_BUS_CONFIGURATION_i2_i12859_1_BODYCONTROLECU_CanIf_GetTransceiverMode
                0x000000000000c610                BM_BUS_CONFIGURATION_i2_i12859_1_BODYCONTROLECU_CanIf_GetTrcvWakeupReason
                0x000000000000c620                BM_BUS_CONFIGURATION_i2_i12859_1_BODYCONTROLECU_CanIf_SetTransceiverWakeupMode
                0x000000000000c630                BM_BUS_CONFIGURATION_i2_i12859_1_BODYCONTROLECU_CanIf_CheckWakeup
                0x000000000000c670                BM_BUS_CONFIGURATION_i2_i12859_1_BODYCONTROLECU_CanIf_CheckValidation
                0x000000000000c6c0                BM_BUS_CONFIGURATION_i2_i12859_1_BODYCONTROLECU_CanIf_GetTxConfirmationState
                0x000000000000c6f0                BM_BUS_CONFIGURATION_i2_i12859_1_BODYCONTROLECU_CanIf_ClearTrcvWufFlag
                0x000000000000c700                BM_BUS_CONFIGURATION_i2_i12859_1_BODYCONTROLECU_CanIf_CheckTrcvWakeFlag
                0x000000000000c710                BM_BUS_CONFIGURATION_i2_i12859_1_BODYCONTROLECU_CanIf_RxIndication
                0x000000000000c800                BM_BUS_CONFIGURATION_i2_i12859_1_BODYCONTROLECU_CanIf_RxInterruptIndication
                0x000000000000c8a0                BM_BUS_CONFIGURATION_i2_i12859_1_BODYCONTROLECU_CanIf_CancelTxConfirmation
                0x000000000000c8b0                BM_BUS_CONFIGURATION_i2_i12859_1_BODYCONTROLECU_CanIf_ControllerBusOff
                0x000000000000c920                BM_BUS_CONFIGURATION_i2_i12859_1_BODYCONTROLECU_CanIf_ConfirmPnAvailability
                0x000000000000c930                BM_BUS_CONFIGURATION_i2_i12859_1_BODYCONTROLECU_CanIf_ClearTrcvWufFlagIndication
                0x000000000000c940                BM_BUS_CONFIGURATION_i2_i12859_1_BODYCONTROLECU_CanIf_TrcvModeIndication
 *fill*         0x000000000000c941        0xf 
 .text          0x000000000000c950       0xcc C:\Users\AkihikoM\AppData\Local\Temp\dSPACE\CfgDesk\AppCache\6\Build\ApplicationProcess_1\Compile\BodyControlEcu_12859_1\BodyControlEcu_12859_1.a(CanIf_Cfg.o64)
                0x000000000000c950                BM_BUS_CONFIGURATION_i2_i12859_1_BODYCONTROLECU_CanIf_InitDefaultConfig
                0x000000000000c9a0                BM_BUS_CONFIGURATION_i2_i12859_1_BODYCONTROLECU_CanIf_Init
                0x000000000000c9b0                BM_BUS_CONFIGURATION_i2_i12859_1_BODYCONTROLECU_CanIf_VariableInitialize
 .text          0x000000000000ca1c        0x0 C:\Users\AkihikoM\AppData\Local\Temp\dSPACE\CfgDesk\AppCache\6\Build\ApplicationProcess_1\Compile\BodyControlEcu_12859_1\BodyControlEcu_12859_1.a(CanIf_Cfg_BusAccess.o64)
 *fill*         0x000000000000ca1c        0x4 
 .text          0x000000000000ca20       0x86 C:\Users\AkihikoM\AppData\Local\Temp\dSPACE\CfgDesk\AppCache\6\Build\ApplicationProcess_1\Compile\BodyControlEcu_12859_1\BodyControlEcu_12859_1.a(Rte_generated.o64)
                0x000000000000ca20                BM_BUS_CONFIGURATION_i2_i12859_1_BODYCONTROLECU_Rte_VariableInitialize
                0x000000000000ca30                BM_BUS_CONFIGURATION_i2_i12859_1_BODYCONTROLECU_Rte_SetPhysicalValue
                0x000000000000ca40                BM_BUS_CONFIGURATION_i2_i12859_1_BODYCONTROLECU_Rte_SetPhysicalEvent
                0x000000000000ca50                BM_BUS_CONFIGURATION_i2_i12859_1_BODYCONTROLECU_Rte_SetCodedValue
                0x000000000000ca60                BM_BUS_CONFIGURATION_i2_i12859_1_BODYCONTROLECU_Rte_SetCodedEvent
                0x000000000000ca70                BM_BUS_CONFIGURATION_i2_i12859_1_BODYCONTROLECU_Rte_GetMethodInArguments
                0x000000000000ca80                BM_BUS_CONFIGURATION_i2_i12859_1_BODYCONTROLECU_Rte_SetMethodOutArguments
                0x000000000000ca90                BM_BUS_CONFIGURATION_i2_i12859_1_BODYCONTROLECU_Rte_WriteSignal
                0x000000000000caa0                BM_BUS_CONFIGURATION_i2_i12859_1_BODYCONTROLECU_Rte_ReadSignal
 *fill*         0x000000000000caa6        0xa 
 .text          0x000000000000cab0       0x7a C:\Users\AkihikoM\AppData\Local\Temp\dSPACE\CfgDesk\AppCache\6\Build\ApplicationProcess_1\Compile\BodyControlEcu_12859_1\BodyControlEcu_12859_1.a(Com_generated.o64)
                0x000000000000cab0                BM_BUS_CONFIGURATION_i2_i12859_1_BODYCONTROLECU_Com_Init
                0x000000000000cae0                BM_BUS_CONFIGURATION_i2_i12859_1_BODYCONTROLECU_Com_DeInit
                0x000000000000caf0                BM_BUS_CONFIGURATION_i2_i12859_1_BODYCONTROLECU_Com_VariableInitialize
                0x000000000000cb10                BM_BUS_CONFIGURATION_i2_i12859_1_BODYCONTROLECU_Com_OnStart
                0x000000000000cb20                BM_BUS_CONFIGURATION_i2_i12859_1_BODYCONTROLECU_Com_GetStatus
 *fill*         0x000000000000cb2a        0x6 
 .text          0x000000000000cb30       0xc1 C:\Users\AkihikoM\AppData\Local\Temp\dSPACE\CfgDesk\AppCache\6\Build\ApplicationProcess_1\Compile\BodyControlEcu_12859_1\BodyControlEcu_12859_1.a(Com_Tx_generated.o64)
                0x000000000000cb30                BM_BUS_CONFIGURATION_i2_i12859_1_BODYCONTROLECU_Com_Tx_Init
                0x000000000000cb40                BM_BUS_CONFIGURATION_i2_i12859_1_BODYCONTROLECU_Com_Tx_VariableInitialize
                0x000000000000cb50                BM_BUS_CONFIGURATION_i2_i12859_1_BODYCONTROLECU_Com_TriggerIPDUSend
                0x000000000000cb60                BM_BUS_CONFIGURATION_i2_i12859_1_BODYCONTROLECU_Com_TriggerTransmit
                0x000000000000cb70                BM_BUS_CONFIGURATION_i2_i12859_1_BODYCONTROLECU_Com_TriggerIPDU
                0x000000000000cb80                BM_BUS_CONFIGURATION_i2_i12859_1_BODYCONTROLECU_Com_SendSignal
                0x000000000000cb90                BM_BUS_CONFIGURATION_i2_i12859_1_BODYCONTROLECU_Com_SendSignalGroup
                0x000000000000cba0                BM_BUS_CONFIGURATION_i2_i12859_1_BODYCONTROLECU_Com_UpdateShadowSignal
                0x000000000000cbb0                BM_BUS_CONFIGURATION_i2_i12859_1_BODYCONTROLECU_Com_InvalidateSignal
                0x000000000000cbc0                BM_BUS_CONFIGURATION_i2_i12859_1_BODYCONTROLECU_Com_InvalidateShadowSignal
                0x000000000000cbd0                BM_BUS_CONFIGURATION_i2_i12859_1_BODYCONTROLECU_Com_InvalidateSignalGroup
                0x000000000000cbe0                BM_BUS_CONFIGURATION_i2_i12859_1_BODYCONTROLECU_Com_PduEnabledSendCheck
                0x000000000000cbf0                BM_BUS_CONFIGURATION_i2_i12859_1_BODYCONTROLECU_Com_TxConfirmation
 *fill*         0x000000000000cbf1        0xf 
 .text          0x000000000000cc00       0x61 C:\Users\AkihikoM\AppData\Local\Temp\dSPACE\CfgDesk\AppCache\6\Build\ApplicationProcess_1\Compile\BodyControlEcu_12859_1\BodyControlEcu_12859_1.a(Com_Rx_generated.o64)
                0x000000000000cc00                BM_BUS_CONFIGURATION_i2_i12859_1_BODYCONTROLECU_Com_Rx_Init
                0x000000000000cc10                BM_BUS_CONFIGURATION_i2_i12859_1_BODYCONTROLECU_Com_Rx_VariableInitialize
                0x000000000000cc20                BM_BUS_CONFIGURATION_i2_i12859_1_BODYCONTROLECU_Com_ReceiveSignal
                0x000000000000cc40                BM_BUS_CONFIGURATION_i2_i12859_1_BODYCONTROLECU_Com_ReceiveSignalGroup
                0x000000000000cc50                BM_BUS_CONFIGURATION_i2_i12859_1_BODYCONTROLECU_Com_ReceiveShadowSignal
                0x000000000000cc60                BM_BUS_CONFIGURATION_i2_i12859_1_BODYCONTROLECU_Com_RxIndication
 .text          0x000000000000cc61        0x0 C:\Users\AkihikoM\AppData\Local\Temp\dSPACE\CfgDesk\AppCache\6\Build\ApplicationProcess_1\Compile\BodyControlEcu_12859_1\BodyControlEcu_12859_1.a(PduR_Cfg_generated.o64)
 *fill*         0x000000000000cc61        0xf 
 .text          0x000000000000cc70      0x159 C:\Users\AkihikoM\AppData\Local\Temp\dSPACE\CfgDesk\AppCache\6\Build\ApplicationProcess_1\Compile\BodyControlEcu_12859_1\BodyControlEcu_12859_1.a(PduR_generated.o64)
                0x000000000000cc70                BM_BUS_CONFIGURATION_i2_i12859_1_BODYCONTROLECU_PduR_GetVersionInfo
                0x000000000000cc90                BM_BUS_CONFIGURATION_i2_i12859_1_BODYCONTROLECU_PduR_Init
                0x000000000000cca0                BM_BUS_CONFIGURATION_i2_i12859_1_BODYCONTROLECU_PduR_VariableInitialize
                0x000000000000ccb0                BM_BUS_CONFIGURATION_i2_i12859_1_BODYCONTROLECU_PduR_ComTransmit
                0x000000000000cd50                BM_BUS_CONFIGURATION_i2_i12859_1_BODYCONTROLECU_PduR_CanIfTxConfirmation
                0x000000000000cd90                BM_BUS_CONFIGURATION_i2_i12859_1_BODYCONTROLECU_PduR_CanIfRxIndication
 *fill*         0x000000000000cdc9        0x7 
 .text          0x000000000000cdd0       0x42 C:\Users\AkihikoM\AppData\Local\Temp\dSPACE\CfgDesk\AppCache\6\Build\ApplicationProcess_1\Compile\BodyControlEcu_12859_1\BodyControlEcu_12859_1.a(SchM_CanIf.o64)
                0x000000000000cdd0                BM_BUS_CONFIGURATION_i2_i12859_1_BODYCONTROLECU_SchM_Enter_CanIf
                0x000000000000cdf0                BM_BUS_CONFIGURATION_i2_i12859_1_BODYCONTROLECU_SchM_Exit_CanIf
 .text          0x000000000000ce12        0x0 C:/Program Files/Common Files/dSPACE/CFD Compiler 24.1/target/x86_64-linux-gnu/bin/../lib/gcc/x86_64-linux-gnu/13.3.0/crtendS.o
 .text          0x000000000000ce12        0x0 C:/Program Files/Common Files/dSPACE/CFD Compiler 24.1/target/x86_64-linux-gnu/bin/../../x86_64-linux-gnu/lib/crtn.o
 *(.gnu.warning)

.fini           0x000000000000ce14        0xd
 *(SORT_NONE(.fini))
 .fini          0x000000000000ce14        0x8 C:/Program Files/Common Files/dSPACE/CFD Compiler 24.1/target/x86_64-linux-gnu/bin/../../x86_64-linux-gnu/lib/crti.o
                0x000000000000ce14                _fini
 .fini          0x000000000000ce1c        0x5 C:/Program Files/Common Files/dSPACE/CFD Compiler 24.1/target/x86_64-linux-gnu/bin/../../x86_64-linux-gnu/lib/crtn.o
                [!provide]                        PROVIDE (__etext = .)
                [!provide]                        PROVIDE (_etext = .)
                [!provide]                        PROVIDE (etext = .)
                0x000000000000d000                . = ALIGN (CONSTANT (MAXPAGESIZE))
                0x000000000000d000                . = SEGMENT_START ("rodata-segment", (ALIGN (CONSTANT (MAXPAGESIZE)) + (. & (CONSTANT (MAXPAGESIZE) - 0x1))))

.rodata         0x000000000000d000     0x1081
 *(.rodata .rodata.* .gnu.linkonce.r.*)
 .rodata.cst4   0x000000000000d000        0x8 C:/Program Files/Common Files/dSPACE/CFD Compiler 24.1/target/x86_64-linux-gnu/bin/../../x86_64-linux-gnu/lib/Scrt1.o
                                          0x4 (size before relaxing)
                0x000000000000d000                _IO_stdin_used
 *fill*         0x000000000000d008        0x8 
 .rodata        0x000000000000d010       0x18 StateManager_generated.o64
 .rodata.cst8   0x000000000000d028       0x20 ScalingFunctions.o64
                                          0x8 (size before relaxing)
 .rodata.cst8   0x000000000000d048        0x8 Hashmap.o64
 .rodata        0x000000000000d048        0x8 dssimengine_accesspoint.o64
 .rodata._ZTS18DsCApplicationMain
                0x000000000000d050       0x15 dssimengine_main.o64
                0x000000000000d050                _ZTS18DsCApplicationMain
 .rodata.str1.1
                0x000000000000d065      0x1ae dssimengine_main.o64
                                         0x27 (size before relaxing)
 .rodata.str1.1
                0x000000000000d213       0x3f rtosal_task.o64
 *fill*         0x000000000000d213        0x5 
 .rodata.str1.8
                0x000000000000d218      0xc31 rtosal_task.o64
                                         0xee (size before relaxing)
 *fill*         0x000000000000de49        0x7 
 .rodata._ZTS24DsCRtosAlPeriodic_Task_1
                0x000000000000de50       0x1b rtosal_task.o64
                0x000000000000de50                _ZTS24DsCRtosAlPeriodic_Task_1
 *fill*         0x000000000000de6b       0x15 
 .rodata._ZTS50DsCRtosAlBus_Configuration_iBus_Configuration_i1_i
                0x000000000000de80       0x35 rtosal_task.o64
                0x000000000000de80                _ZTS50DsCRtosAlBus_Configuration_iBus_Configuration_i1_i
 *fill*         0x000000000000deb5        0xb 
 .rodata._ZTS34DsCRtosAlCAN_RX_Task_i1_i_CAN_i1_i
                0x000000000000dec0       0x25 rtosal_task.o64
                0x000000000000dec0                _ZTS34DsCRtosAlCAN_RX_Task_i1_i_CAN_i1_i
 *fill*         0x000000000000dee5       0x1b 
 .rodata._ZTS50DsCRtosAlBus_Configuration_iBus_Configuration_i2_i
                0x000000000000df00       0x35 rtosal_task.o64
                0x000000000000df00                _ZTS50DsCRtosAlBus_Configuration_iBus_Configuration_i2_i
 *fill*         0x000000000000df35        0xb 
 .rodata._ZTS34DsCRtosAlCAN_RX_Task_i2_i_CAN_i2_i
                0x000000000000df40       0x25 rtosal_task.o64
                0x000000000000df40                _ZTS34DsCRtosAlCAN_RX_Task_i2_i_CAN_i2_i
 .rodata.cst8   0x000000000000df65        0x8 rtosal_taskap.o64
 .rodata.str1.8
                0x000000000000df65      0x1b2 rtosal_simengineap.o64
 .rodata.str1.1
                0x000000000000df65       0x44 rtosal_simengineap.o64
 .rodata.cst8   0x000000000000df65       0x10 rtosal_simengineap.o64
 .rodata.str1.1
                0x000000000000df65        0xe IOCode_Data.o64
 .rodata.str1.1
                0x000000000000df65       0x8a dssimengine_accesspoint_CAN.o64
 .rodata.str1.8
                0x000000000000df65      0x23b dssimengine_accesspoint_CAN.o64
 .rodata.cst4   0x000000000000df65        0x4 dssimengine_accesspoint_CAN.o64
 .rodata.str1.8
                0x000000000000df65      0x6b8 DsDefEnv_mdlfunctions.o64
 .rodata.str1.1
                0x000000000000df65       0x2f DsDefEnv_mdlfunctions.o64
 .rodata.str1.1
                0x000000000000df65       0x26 dsfmu_logger.o64
 .rodata.str1.1
                0x000000000000df65       0x18 dsfmu_readwrite.o64
 .rodata.str1.1
                0x000000000000df65       0x13 C:\Users\AkihikoM\AppData\Local\Temp\dSPACE\CfgDesk\AppCache\6\Build\ApplicationProcess_1\Compile\DsDefEnv\DsDefEnv.a(DsDefEnv.o64)
 .rodata.str1.8
                0x000000000000df65       0xb1 C:\Users\AkihikoM\AppData\Local\Temp\dSPACE\CfgDesk\AppCache\6\Build\ApplicationProcess_1\Compile\DsDefEnv\DsDefEnv.a(DsDefEnv.o64)
 *fill*         0x000000000000df65        0x3 
 .rodata        0x000000000000df68       0x15 C:\Users\AkihikoM\AppData\Local\Temp\dSPACE\CfgDesk\AppCache\6\Build\ApplicationProcess_1\Compile\CentralGatewayEcu_12836_1\CentralGatewayEcu_12836_1.a(CanIf_Cfg.o64)
                0x000000000000df68                BM_BUS_CONFIGURATION_i1_i12836_1_CENTRALGATEWAYECU_CanIf_NumberOfCanHWUnits
                0x000000000000df69                BM_BUS_CONFIGURATION_i1_i12836_1_CENTRALGATEWAYECU_CanIf_MaxNumberOfHrh
                0x000000000000df6a                BM_BUS_CONFIGURATION_i1_i12836_1_CENTRALGATEWAYECU_CanIf_VersionInfoApi
                0x000000000000df6b                BM_BUS_CONFIGURATION_i1_i12836_1_CENTRALGATEWAYECU_CanIf_PublicTxConfirmPollingSupport
                0x000000000000df6c                BM_BUS_CONFIGURATION_i1_i12836_1_CENTRALGATEWAYECU_CanIf_TransmitCancellation
                0x000000000000df6d                BM_BUS_CONFIGURATION_i1_i12836_1_CENTRALGATEWAYECU_CanIf_PublicWakeupCheckValidationSupport
                0x000000000000df70                BM_BUS_CONFIGURATION_i1_i12836_1_CENTRALGATEWAYECU_CanIf_SoftwareFilterType
                0x000000000000df74                BM_BUS_CONFIGURATION_i1_i12836_1_CENTRALGATEWAYECU_CanIf_WakeupSupport
                0x000000000000df75                BM_BUS_CONFIGURATION_i1_i12836_1_CENTRALGATEWAYECU_CanIf_DlcCheck
                0x000000000000df76                BM_BUS_CONFIGURATION_i1_i12836_1_CENTRALGATEWAYECU_CanIf_SetDynamicTxIdApi
                0x000000000000df77                BM_BUS_CONFIGURATION_i1_i12836_1_CENTRALGATEWAYECU_CanIf_ReadRxPduNotifyStatusApi
                0x000000000000df78                BM_BUS_CONFIGURATION_i1_i12836_1_CENTRALGATEWAYECU_CanIf_ReadTxPduNotifyStatusApi
                0x000000000000df79                BM_BUS_CONFIGURATION_i1_i12836_1_CENTRALGATEWAYECU_CanIf_ReadRxPduDataApi
                0x000000000000df7a                BM_BUS_CONFIGURATION_i1_i12836_1_CENTRALGATEWAYECU_CanIf_PublicPNSupport
                0x000000000000df7b                BM_BUS_CONFIGURATION_i1_i12836_1_CENTRALGATEWAYECU_CanIf_MultipleDriverSupport
                0x000000000000df7c                BM_BUS_CONFIGURATION_i1_i12836_1_CENTRALGATEWAYECU_CanIf_DevErrorDetect
 *fill*         0x000000000000df7d        0x3 
 .rodata        0x000000000000df80       0x6a C:\Users\AkihikoM\AppData\Local\Temp\dSPACE\CfgDesk\AppCache\6\Build\ApplicationProcess_1\Compile\CentralGatewayEcu_12836_1\CentralGatewayEcu_12836_1.a(CanIf.o64)
 *fill*         0x000000000000dfea       0x16 
 .rodata        0x000000000000e000       0x6a C:\Users\AkihikoM\AppData\Local\Temp\dSPACE\CfgDesk\AppCache\6\Build\ApplicationProcess_1\Compile\BodyControlEcu_12859_1\BodyControlEcu_12859_1.a(CanIf.o64)
 *fill*         0x000000000000e06a        0x2 
 .rodata        0x000000000000e06c       0x15 C:\Users\AkihikoM\AppData\Local\Temp\dSPACE\CfgDesk\AppCache\6\Build\ApplicationProcess_1\Compile\BodyControlEcu_12859_1\BodyControlEcu_12859_1.a(CanIf_Cfg.o64)
                0x000000000000e06c                BM_BUS_CONFIGURATION_i2_i12859_1_BODYCONTROLECU_CanIf_NumberOfCanHWUnits
                0x000000000000e06d                BM_BUS_CONFIGURATION_i2_i12859_1_BODYCONTROLECU_CanIf_MaxNumberOfHrh
                0x000000000000e06e                BM_BUS_CONFIGURATION_i2_i12859_1_BODYCONTROLECU_CanIf_VersionInfoApi
                0x000000000000e06f                BM_BUS_CONFIGURATION_i2_i12859_1_BODYCONTROLECU_CanIf_PublicTxConfirmPollingSupport
                0x000000000000e070                BM_BUS_CONFIGURATION_i2_i12859_1_BODYCONTROLECU_CanIf_TransmitCancellation
                0x000000000000e071                BM_BUS_CONFIGURATION_i2_i12859_1_BODYCONTROLECU_CanIf_PublicWakeupCheckValidationSupport
                0x000000000000e074                BM_BUS_CONFIGURATION_i2_i12859_1_BODYCONTROLECU_CanIf_SoftwareFilterType
                0x000000000000e078                BM_BUS_CONFIGURATION_i2_i12859_1_BODYCONTROLECU_CanIf_WakeupSupport
                0x000000000000e079                BM_BUS_CONFIGURATION_i2_i12859_1_BODYCONTROLECU_CanIf_DlcCheck
                0x000000000000e07a                BM_BUS_CONFIGURATION_i2_i12859_1_BODYCONTROLECU_CanIf_SetDynamicTxIdApi
                0x000000000000e07b                BM_BUS_CONFIGURATION_i2_i12859_1_BODYCONTROLECU_CanIf_ReadRxPduNotifyStatusApi
                0x000000000000e07c                BM_BUS_CONFIGURATION_i2_i12859_1_BODYCONTROLECU_CanIf_ReadTxPduNotifyStatusApi
                0x000000000000e07d                BM_BUS_CONFIGURATION_i2_i12859_1_BODYCONTROLECU_CanIf_ReadRxPduDataApi
                0x000000000000e07e                BM_BUS_CONFIGURATION_i2_i12859_1_BODYCONTROLECU_CanIf_PublicPNSupport
                0x000000000000e07f                BM_BUS_CONFIGURATION_i2_i12859_1_BODYCONTROLECU_CanIf_MultipleDriverSupport
                0x000000000000e080                BM_BUS_CONFIGURATION_i2_i12859_1_BODYCONTROLECU_CanIf_DevErrorDetect

.rodata1
 *(.rodata1)

.eh_frame_hdr   0x000000000000e084      0xdfc
 *(.eh_frame_hdr)
 .eh_frame_hdr  0x000000000000e084      0xdfc C:/Program Files/Common Files/dSPACE/CFD Compiler 24.1/target/x86_64-linux-gnu/bin/../../x86_64-linux-gnu/lib/Scrt1.o
                0x000000000000e084                __GNU_EH_FRAME_HDR
 *(.eh_frame_entry .eh_frame_entry.*)

.eh_frame       0x000000000000ee80     0x3344
 *(.eh_frame)
 .eh_frame      0x000000000000ee80       0x30 C:/Program Files/Common Files/dSPACE/CFD Compiler 24.1/target/x86_64-linux-gnu/bin/../../x86_64-linux-gnu/lib/Scrt1.o
                                         0x2c (size before relaxing)
 *fill*         0x000000000000eeb0        0x0 
 .eh_frame      0x000000000000eeb0       0x28 C:/Program Files/Common Files/dSPACE/CFD Compiler 24.1/target/x86_64-linux-gnu/bin/../../x86_64-linux-gnu/lib/Scrt1.o
                                         0x40 (size before relaxing)
 .eh_frame      0x000000000000eed8       0x18 C:/Program Files/Common Files/dSPACE/CFD Compiler 24.1/target/x86_64-linux-gnu/bin/../../x86_64-linux-gnu/lib/Scrt1.o
                                         0x30 (size before relaxing)
 .eh_frame      0x000000000000eef0      0x240 StateManager_generated.o64
                                        0x258 (size before relaxing)
 .eh_frame      0x000000000000f130      0x2f8 ScalingFunctions.o64
                                        0x310 (size before relaxing)
 .eh_frame      0x000000000000f428      0x138 Hashmap.o64
                                        0x150 (size before relaxing)
 .eh_frame      0x000000000000f560       0x58 mdladapter_mdlfunctions.o64
                                         0x70 (size before relaxing)
 .eh_frame      0x000000000000f5b8       0x18 fm_entry_ap.o64
                                         0x30 (size before relaxing)
 .eh_frame      0x000000000000f5d0       0x18 fm_exit_ap.o64
                                         0x30 (size before relaxing)
 .eh_frame      0x000000000000f5e8      0x290 dssimengine_accesspoint.o64
                                        0x2a8 (size before relaxing)
 .eh_frame      0x000000000000f878       0x58 dssimengine_api.o64
                                         0x70 (size before relaxing)
 .eh_frame      0x000000000000f8d0      0x198 dssimengine_main.o64
                                        0x1b0 (size before relaxing)
 .eh_frame      0x000000000000fa68      0x540 rtosal_task.o64
                                        0x578 (size before relaxing)
 .eh_frame      0x000000000000ffa8      0x100 rtosal_taskap.o64
                                        0x118 (size before relaxing)
 .eh_frame      0x00000000000100a8      0x128 rtosal_simengineap.o64
                                        0x140 (size before relaxing)
 .eh_frame      0x00000000000101d0       0x40 IOCode_Data.o64
                                         0x58 (size before relaxing)
 .eh_frame      0x0000000000010210      0x2c8 dssimengine_accesspoint_CAN.o64
                                        0x2e0 (size before relaxing)
 .eh_frame      0x00000000000104d8      0x270 DsDefEnv_mdlfunctions.o64
                                        0x288 (size before relaxing)
 .eh_frame      0x0000000000010748       0xc8 dsfmu_logger.o64
                                         0xe0 (size before relaxing)
 .eh_frame      0x0000000000010810       0x68 dsfmu_callbacks.o64
                                         0x80 (size before relaxing)
 .eh_frame      0x0000000000010878       0x48 dsfmu_readwrite.o64
                                         0x60 (size before relaxing)
 .eh_frame      0x00000000000108c0       0x58 BusManager_Bus_Configuration_i1_i12836_1.o64
                                         0x70 (size before relaxing)
 .eh_frame      0x0000000000010918       0x58 BusManager_Bus_Configuration_i2_i12859_1.o64
                                         0x70 (size before relaxing)
 .eh_frame      0x0000000000010970       0xf8 Bus_Configuration_i1_i12836.o64
                                        0x110 (size before relaxing)
 .eh_frame      0x0000000000010a68       0xd0 Bus_Configuration_i1_i12836_tx.o64
                                         0xe8 (size before relaxing)
 .eh_frame      0x0000000000010b38       0x18 Bus_Configuration_i1_i12836_if.o64
                                         0x30 (size before relaxing)
 .eh_frame      0x0000000000010b50       0x80 Bus_Configuration_i1_i12836_CAN.o64
                                         0x98 (size before relaxing)
 .eh_frame      0x0000000000010bd0       0xc0 Bus_Configuration_i2_i12859.o64
                                         0xd8 (size before relaxing)
 .eh_frame      0x0000000000010c90       0x78 Bus_Configuration_i2_i12859_tx.o64
                                         0x90 (size before relaxing)
 .eh_frame      0x0000000000010d08       0x18 Bus_Configuration_i2_i12859_if.o64
                                         0x30 (size before relaxing)
 .eh_frame      0x0000000000010d20       0xf0 Bus_Configuration_i2_i12859_CAN.o64
                                        0x108 (size before relaxing)
 .eh_frame      0x0000000000010e10       0x70 BusRtCode.o64
                                         0x88 (size before relaxing)
 .eh_frame      0x0000000000010e80      0x290 C:\Users\AkihikoM\AppData\Local\Temp\dSPACE\CfgDesk\AppCache\6\Build\ApplicationProcess_1\Compile\DsDefEnv\DsDefEnv.a(DsDefEnv.o64)
                                        0x2a8 (size before relaxing)
 .eh_frame      0x0000000000011110       0x50 C:\Users\AkihikoM\AppData\Local\Temp\dSPACE\CfgDesk\AppCache\6\Build\ApplicationProcess_1\Compile\CentralGatewayEcu_12836_1\CentralGatewayEcu_12836_1.a(CanIf_Cfg.o64)
                                         0x68 (size before relaxing)
 .eh_frame      0x0000000000011160       0xb8 C:\Users\AkihikoM\AppData\Local\Temp\dSPACE\CfgDesk\AppCache\6\Build\ApplicationProcess_1\Compile\CentralGatewayEcu_12836_1\CentralGatewayEcu_12836_1.a(Rte_generated.o64)
                                         0xd0 (size before relaxing)
 .eh_frame      0x0000000000011218       0x70 C:\Users\AkihikoM\AppData\Local\Temp\dSPACE\CfgDesk\AppCache\6\Build\ApplicationProcess_1\Compile\CentralGatewayEcu_12836_1\CentralGatewayEcu_12836_1.a(Com_generated.o64)
                                         0x88 (size before relaxing)
 .eh_frame      0x0000000000011288      0x108 C:\Users\AkihikoM\AppData\Local\Temp\dSPACE\CfgDesk\AppCache\6\Build\ApplicationProcess_1\Compile\CentralGatewayEcu_12836_1\CentralGatewayEcu_12836_1.a(Com_Tx_generated.o64)
                                        0x120 (size before relaxing)
 .eh_frame      0x0000000000011390       0x78 C:\Users\AkihikoM\AppData\Local\Temp\dSPACE\CfgDesk\AppCache\6\Build\ApplicationProcess_1\Compile\CentralGatewayEcu_12836_1\CentralGatewayEcu_12836_1.a(Com_Rx_generated.o64)
                                         0x90 (size before relaxing)
 .eh_frame      0x0000000000011408       0xb0 C:\Users\AkihikoM\AppData\Local\Temp\dSPACE\CfgDesk\AppCache\6\Build\ApplicationProcess_1\Compile\CentralGatewayEcu_12836_1\CentralGatewayEcu_12836_1.a(PduR_generated.o64)
                                         0xc8 (size before relaxing)
 .eh_frame      0x00000000000114b8      0x488 C:\Users\AkihikoM\AppData\Local\Temp\dSPACE\CfgDesk\AppCache\6\Build\ApplicationProcess_1\Compile\CentralGatewayEcu_12836_1\CentralGatewayEcu_12836_1.a(CanIf.o64)
                                        0x4a0 (size before relaxing)
 .eh_frame      0x0000000000011940       0x28 C:\Users\AkihikoM\AppData\Local\Temp\dSPACE\CfgDesk\AppCache\6\Build\ApplicationProcess_1\Compile\CentralGatewayEcu_12836_1\CentralGatewayEcu_12836_1.a(SchM_CanIf.o64)
                                         0x40 (size before relaxing)
 .eh_frame      0x0000000000011968      0x488 C:\Users\AkihikoM\AppData\Local\Temp\dSPACE\CfgDesk\AppCache\6\Build\ApplicationProcess_1\Compile\BodyControlEcu_12859_1\BodyControlEcu_12859_1.a(CanIf.o64)
                                        0x4a0 (size before relaxing)
 .eh_frame      0x0000000000011df0       0x50 C:\Users\AkihikoM\AppData\Local\Temp\dSPACE\CfgDesk\AppCache\6\Build\ApplicationProcess_1\Compile\BodyControlEcu_12859_1\BodyControlEcu_12859_1.a(CanIf_Cfg.o64)
                                         0x68 (size before relaxing)
 .eh_frame      0x0000000000011e40       0xb8 C:\Users\AkihikoM\AppData\Local\Temp\dSPACE\CfgDesk\AppCache\6\Build\ApplicationProcess_1\Compile\BodyControlEcu_12859_1\BodyControlEcu_12859_1.a(Rte_generated.o64)
                                         0xd0 (size before relaxing)
 .eh_frame      0x0000000000011ef8       0x70 C:\Users\AkihikoM\AppData\Local\Temp\dSPACE\CfgDesk\AppCache\6\Build\ApplicationProcess_1\Compile\BodyControlEcu_12859_1\BodyControlEcu_12859_1.a(Com_generated.o64)
                                         0x88 (size before relaxing)
 .eh_frame      0x0000000000011f68      0x108 C:\Users\AkihikoM\AppData\Local\Temp\dSPACE\CfgDesk\AppCache\6\Build\ApplicationProcess_1\Compile\BodyControlEcu_12859_1\BodyControlEcu_12859_1.a(Com_Tx_generated.o64)
                                        0x120 (size before relaxing)
 .eh_frame      0x0000000000012070       0x78 C:\Users\AkihikoM\AppData\Local\Temp\dSPACE\CfgDesk\AppCache\6\Build\ApplicationProcess_1\Compile\BodyControlEcu_12859_1\BodyControlEcu_12859_1.a(Com_Rx_generated.o64)
                                         0x90 (size before relaxing)
 .eh_frame      0x00000000000120e8       0xb0 C:\Users\AkihikoM\AppData\Local\Temp\dSPACE\CfgDesk\AppCache\6\Build\ApplicationProcess_1\Compile\BodyControlEcu_12859_1\BodyControlEcu_12859_1.a(PduR_generated.o64)
                                         0xc8 (size before relaxing)
 .eh_frame      0x0000000000012198       0x28 C:\Users\AkihikoM\AppData\Local\Temp\dSPACE\CfgDesk\AppCache\6\Build\ApplicationProcess_1\Compile\BodyControlEcu_12859_1\BodyControlEcu_12859_1.a(SchM_CanIf.o64)
                                         0x40 (size before relaxing)
 .eh_frame      0x00000000000121c0        0x4 C:/Program Files/Common Files/dSPACE/CFD Compiler 24.1/target/x86_64-linux-gnu/bin/../lib/gcc/x86_64-linux-gnu/13.3.0/crtendS.o
 *(.eh_frame.*)

.sframe         0x00000000000121c4        0x0
 *(.sframe)
 .sframe        0x00000000000121c4        0x0 C:/Program Files/Common Files/dSPACE/CFD Compiler 24.1/target/x86_64-linux-gnu/bin/../../x86_64-linux-gnu/lib/Scrt1.o
 *(.sframe.*)

.gcc_except_table
                0x00000000000121c4       0x82
 *(.gcc_except_table .gcc_except_table.*)
 .gcc_except_table
                0x00000000000121c4       0x14 dssimengine_main.o64
 .gcc_except_table
                0x00000000000121d8       0x6e rtosal_task.o64

.gnu_extab
 *(.gnu_extab*)

.exception_ranges
 *(.exception_ranges*)
                0x0000000000013830                . = DATA_SEGMENT_ALIGN (CONSTANT (MAXPAGESIZE), CONSTANT (COMMONPAGESIZE))

.eh_frame
 *(.eh_frame)
 *(.eh_frame.*)

.sframe
 *(.sframe)
 *(.sframe.*)

.gnu_extab
 *(.gnu_extab)

.gcc_except_table
 *(.gcc_except_table .gcc_except_table.*)

.exception_ranges
 *(.exception_ranges*)

.tdata          0x0000000000013830        0x0
                [!provide]                        PROVIDE (__tdata_start = .)
 *(.tdata .tdata.* .gnu.linkonce.td.*)

.tbss
 *(.tbss .tbss.* .gnu.linkonce.tb.*)
 *(.tcommon)

.preinit_array  0x0000000000013830        0x0
                [!provide]                        PROVIDE (__preinit_array_start = .)
 *(.preinit_array)
                [!provide]                        PROVIDE (__preinit_array_end = .)

.init_array     0x0000000000013830       0x28
                [!provide]                        PROVIDE (__init_array_start = .)
 *(SORT_BY_INIT_PRIORITY(.init_array.*) SORT_BY_INIT_PRIORITY(.ctors.*))
 *(.init_array EXCLUDE_FILE(*crtend?.o *crtend.o *crtbegin?.o *crtbegin.o) .ctors)
 .init_array    0x0000000000013830        0x8 C:/Program Files/Common Files/dSPACE/CFD Compiler 24.1/target/x86_64-linux-gnu/bin/../lib/gcc/x86_64-linux-gnu/13.3.0/crtbeginS.o
 .init_array    0x0000000000013838       0x10 dssimengine_main.o64
 .init_array    0x0000000000013848        0x8 rtosal_simengineap.o64
 .init_array    0x0000000000013850        0x8 IOCode_Data.o64
                [!provide]                        PROVIDE (__init_array_end = .)

.fini_array     0x0000000000013858        0x8
                [!provide]                        PROVIDE (__fini_array_start = .)
 *(SORT_BY_INIT_PRIORITY(.fini_array.*) SORT_BY_INIT_PRIORITY(.dtors.*))
 *(.fini_array EXCLUDE_FILE(*crtend?.o *crtend.o *crtbegin?.o *crtbegin.o) .dtors)
 .fini_array    0x0000000000013858        0x8 C:/Program Files/Common Files/dSPACE/CFD Compiler 24.1/target/x86_64-linux-gnu/bin/../lib/gcc/x86_64-linux-gnu/13.3.0/crtbeginS.o
                [!provide]                        PROVIDE (__fini_array_end = .)

.ctors
 *crtbegin.o(.ctors)
 *crtbegin?.o(.ctors)
 *(EXCLUDE_FILE(*crtend?.o *crtend.o) .ctors)
 *(SORT_BY_NAME(.ctors.*))
 *(.ctors)

.dtors
 *crtbegin.o(.dtors)
 *crtbegin?.o(.dtors)
 *(EXCLUDE_FILE(*crtend?.o *crtend.o) .dtors)
 *(SORT_BY_NAME(.dtors.*))
 *(.dtors)

.jcr
 *(.jcr)

.data.rel.ro    0x0000000000013860      0x200
 *(.data.rel.ro.local* .gnu.linkonce.d.rel.ro.local.*)
 .data.rel.ro.local
                0x0000000000013860       0x20 Bus_Configuration_i2_i12859_CAN.o64
 *(.data.rel.ro .data.rel.ro.* .gnu.linkonce.d.rel.ro.*)
 .data.rel.ro   0x0000000000013880        0x0 C:/Program Files/Common Files/dSPACE/CFD Compiler 24.1/target/x86_64-linux-gnu/bin/../../x86_64-linux-gnu/lib/Scrt1.o
 .data.rel.ro._ZTI18DsCApplicationMain
                0x0000000000013880       0x18 dssimengine_main.o64
                0x0000000000013880                _ZTI18DsCApplicationMain
 .data.rel.ro._ZTV18DsCApplicationMain
                0x0000000000013898       0x50 dssimengine_main.o64
                0x0000000000013898                _ZTV18DsCApplicationMain
 .data.rel.ro._ZTI24DsCRtosAlPeriodic_Task_1
                0x00000000000138e8       0x18 rtosal_task.o64
                0x00000000000138e8                _ZTI24DsCRtosAlPeriodic_Task_1
 .data.rel.ro._ZTI50DsCRtosAlBus_Configuration_iBus_Configuration_i1_i
                0x0000000000013900       0x18 rtosal_task.o64
                0x0000000000013900                _ZTI50DsCRtosAlBus_Configuration_iBus_Configuration_i1_i
 .data.rel.ro._ZTI34DsCRtosAlCAN_RX_Task_i1_i_CAN_i1_i
                0x0000000000013918       0x18 rtosal_task.o64
                0x0000000000013918                _ZTI34DsCRtosAlCAN_RX_Task_i1_i_CAN_i1_i
 .data.rel.ro._ZTI50DsCRtosAlBus_Configuration_iBus_Configuration_i2_i
                0x0000000000013930       0x18 rtosal_task.o64
                0x0000000000013930                _ZTI50DsCRtosAlBus_Configuration_iBus_Configuration_i2_i
 .data.rel.ro._ZTI34DsCRtosAlCAN_RX_Task_i2_i_CAN_i2_i
                0x0000000000013948       0x18 rtosal_task.o64
                0x0000000000013948                _ZTI34DsCRtosAlCAN_RX_Task_i2_i_CAN_i2_i